Component: ARM Compiler 5.06 update 4 (build 422) Tool: armlink [4d35d2]

==============================================================================

Section Cross References

    main.o(.text) refers to _printf_percent.o(.ARM.Collect$$_printf_percent$$00000000) for _printf_percent
    main.o(.text) refers to _printf_d.o(.ARM.Collect$$_printf_percent$$00000009) for _printf_d
    main.o(.text) refers to _printf_dec.o(.text) for _printf_int_dec
    main.o(.text) refers to _printf_s.o(.ARM.Collect$$_printf_percent$$00000014) for _printf_s
    main.o(.text) refers to _printf_str.o(.text) for _printf_str
    main.o(.text) refers to _printf_c.o(.ARM.Collect$$_printf_percent$$00000013) for _printf_c
    main.o(.text) refers to delay.o(.text) for delay_ms
    main.o(.text) refers to flash.o(.text) for SPI_Flash_Write
    main.o(.text) refers to main.o(.bss) for pas
    main.o(.text) refers to main.o(.data) for NO
    main.o(.text) refers to stm32f10x_usart.o(.text) for USART_SendData
    main.o(.text) refers to noretval__2sprintf.o(.text) for __2sprintf
    main.o(.text) refers to noretval__2printf.o(.text) for __2printf
    main.o(.text) refers to rtc.o(.bss) for calendar
    main.o(.text) refers to usart.o(.data) for USART_RX_STA
    main.o(.text) refers to usart.o(.bss) for USART_RX_BUF
    main.o(.text) refers to rc522.o(.text) for PcdRequest
    main.o(.text) refers to sys.o(.text) for Stm32_Clock_Init
    main.o(.text) refers to beep.o(.text) for BEEP_Init
    main.o(.text) refers to misc.o(.text) for NVIC_PriorityGroupConfig
    main.o(.text) refers to usart.o(.text) for uart1_init
    main.o(.text) refers to rtc.o(.text) for RTC_Init
    system_stm32f10x.o(.text) refers to system_stm32f10x.o(.data) for SystemCoreClock
    rtc.o(.text) refers to _printf_percent.o(.ARM.Collect$$_printf_percent$$00000000) for _printf_percent
    rtc.o(.text) refers to _printf_d.o(.ARM.Collect$$_printf_percent$$00000009) for _printf_d
    rtc.o(.text) refers to _printf_dec.o(.text) for _printf_int_dec
    rtc.o(.text) refers to misc.o(.text) for NVIC_Init
    rtc.o(.text) refers to stm32f10x_rtc.o(.text) for RTC_GetCounter
    rtc.o(.text) refers to stm32f10x_rcc.o(.text) for RCC_APB1PeriphClockCmd
    rtc.o(.text) refers to stm32f10x_pwr.o(.text) for PWR_BackupAccessCmd
    rtc.o(.text) refers to stm32f10x_bkp.o(.text) for BKP_ReadBackupRegister
    rtc.o(.text) refers to delay.o(.text) for delay_ms
    rtc.o(.text) refers to noretval__2printf.o(.text) for __2printf
    rtc.o(.text) refers to rtc.o(.constdata) for table_week
    rtc.o(.text) refers to rtc.o(.data) for daycnt
    rtc.o(.text) refers to rtc.o(.bss) for calendar
    flash.o(.text) refers to stm32f10x_rcc.o(.text) for RCC_APB2PeriphClockCmd
    flash.o(.text) refers to stm32f10x_gpio.o(.text) for GPIO_Init
    flash.o(.text) refers to spi.o(.text) for SPI1_Init
    flash.o(.text) refers to delay.o(.text) for delay_us
    flash.o(.text) refers to flash.o(.bss) for SPI_FLASH_BUF
    spi.o(.text) refers to stm32f10x_spi.o(.text) for SPI_I2S_GetFlagStatus
    spi.o(.text) refers to stm32f10x_rcc.o(.text) for RCC_APB2PeriphClockCmd
    spi.o(.text) refers to stm32f10x_gpio.o(.text) for GPIO_Init
    beep.o(.text) refers to stm32f10x_rcc.o(.text) for RCC_APB2PeriphClockCmd
    beep.o(.text) refers to stm32f10x_gpio.o(.text) for GPIO_Init
    delay.o(.text) refers to misc.o(.text) for SysTick_CLKSourceConfig
    delay.o(.text) refers to system_stm32f10x.o(.data) for SystemCoreClock
    delay.o(.text) refers to delay.o(.data) for fac_us
    usart.o(.text) refers (Special) to use_no_semi_2.o(.text) for __use_no_semihosting
    usart.o(.text) refers to stm32f10x_rcc.o(.text) for RCC_APB2PeriphClockCmd
    usart.o(.text) refers to stm32f10x_gpio.o(.text) for GPIO_Init
    usart.o(.text) refers to misc.o(.text) for NVIC_Init
    usart.o(.text) refers to stm32f10x_usart.o(.text) for USART_Init
    usart.o(.text) refers to usart.o(.data) for USART_RX_STA
    usart.o(.text) refers to usart.o(.bss) for USART_RX_BUF
    usart.o(.bss) refers (Special) to use_no_semi_2.o(.text) for __use_no_semihosting
    usart.o(.data) refers (Special) to use_no_semi_2.o(.text) for __use_no_semihosting
    startup_stm32f10x_hd.o(STACK) refers (Special) to heapauxi.o(.text) for __use_two_region_memory
    startup_stm32f10x_hd.o(HEAP) refers (Special) to heapauxi.o(.text) for __use_two_region_memory
    startup_stm32f10x_hd.o(RESET) refers (Special) to heapauxi.o(.text) for __use_two_region_memory
    startup_stm32f10x_hd.o(RESET) refers to startup_stm32f10x_hd.o(STACK) for __initial_sp
    startup_stm32f10x_hd.o(RESET) refers to startup_stm32f10x_hd.o(.text) for Reset_Handler
    startup_stm32f10x_hd.o(RESET) refers to stm32f10x_it.o(.text) for NMI_Handler
    startup_stm32f10x_hd.o(RESET) refers to rtc.o(.text) for RTC_IRQHandler
    startup_stm32f10x_hd.o(RESET) refers to usart.o(.text) for USART1_IRQHandler
[...]
    libinit.o(.ARM.Collect$$libinit$$00000000) refers (Special) to libinit2.o(.ARM.Collect$$libinit$$0000000E) for __rt_lib_init_rand_1
    libinit.o(.ARM.Collect$$libinit$$00000000) refers (Special) to libinit2.o(.ARM.Collect$$libinit$$00000033) for __rt_lib_init_return
    libinit.o(.ARM.Collect$$libinit$$00000000) refers (Special) to libinit2.o(.ARM.Collect$$libinit$$0000001D) for __rt_lib_init_signal_1
    libinit.o(.ARM.Collect$$libinit$$00000000) refers (Special) to libinit2.o(.ARM.Collect$$libinit$$00000025) for __rt_lib_init_stdio_1
    libinit.o(.ARM.Collect$$libinit$$00000000) refers (Special) to libinit2.o(.ARM.Collect$$libinit$$0000000C) for __rt_lib_init_user_alloc_1
    libspace.o(.text) refers to libspace.o(.bss) for __libspace_start
    rtexit.o(.ARM.Collect$$rtexit$$00000000) refers (Special) to rtexit2.o(.ARM.Collect$$rtexit$$00000004) for __rt_exit_exit
    rtexit.o(.ARM.Collect$$rtexit$$00000000) refers (Special) to rtexit2.o(.ARM.Collect$$rtexit$$00000003) for __rt_exit_ls
    rtexit.o(.ARM.Collect$$rtexit$$00000000) refers (Special) to rtexit2.o(.ARM.Collect$$rtexit$$00000002) for __rt_exit_prels_1
    rtexit.o(.ARM.exidx) refers (Special) to rtexit2.o(.ARM.Collect$$rtexit$$00000004) for __rt_exit_exit
    rtexit.o(.ARM.exidx) refers (Special) to rtexit2.o(.ARM.Collect$$rtexit$$00000003) for __rt_exit_ls
    rtexit.o(.ARM.exidx) refers (Special) to rtexit2.o(.ARM.Collect$$rtexit$$00000002) for __rt_exit_prels_1
    rtexit.o(.ARM.exidx) refers to rtexit.o(.ARM.Collect$$rtexit$$00000000) for .ARM.Collect$$rtexit$$00000000
    libinit2.o(.ARM.Collect$$libinit$$00000010) refers to libinit2.o(.ARM.Collect$$libinit$$0000000F) for .ARM.Collect$$libinit$$0000000F
    libinit2.o(.ARM.Collect$$libinit$$00000012) refers to libinit2.o(.ARM.Collect$$libinit$$0000000F) for .ARM.Collect$$libinit$$0000000F
    libinit2.o(.ARM.Collect$$libinit$$00000014) refers to libinit2.o(.ARM.Collect$$libinit$$0000000F) for .ARM.Collect$$libinit$$0000000F
    libinit2.o(.ARM.Collect$$libinit$$00000016) refers to libinit2.o(.ARM.Collect$$libinit$$0000000F) for .ARM.Collect$$libinit$$0000000F
    libinit2.o(.ARM.Collect$$libinit$$00000018) refers to libinit2.o(.ARM.Collect$$libinit$$0000000F) for .ARM.Collect$$libinit$$0000000F
    libinit2.o(.ARM.Collect$$libinit$$00000026) refers to argv_veneer.o(.emb_text) for __ARM_argv_veneer
    libinit2.o(.ARM.Collect$$libinit$$00000027) refers to argv_veneer.o(.emb_text) for __ARM_argv_veneer
    rtexit2.o(.ARM.Collect$$rtexit$$00000003) refers to libshutdown.o(.ARM.Collect$$libshutdown$$00000000) for __rt_lib_shutdown
    rtexit2.o(.ARM.Collect$$rtexit$$00000004) refers to usart.o(.text) for _sys_exit
    rtexit2.o(.ARM.exidx) refers to rtexit2.o(.ARM.Collect$$rtexit$$00000001) for .ARM.Collect$$rtexit$$00000001
    rtexit2.o(.ARM.exidx) refers to rtexit2.o(.ARM.Collect$$rtexit$$00000003) for .ARM.Collect$$rtexit$$00000003
    rtexit2.o(.ARM.exidx) refers to rtexit2.o(.ARM.Collect$$rtexit$$00000004) for .ARM.Collect$$rtexit$$00000004
    argv_veneer.o(.emb_text) refers to no_argv.o(.text) for __ARM_get_argv
    _get_argv_nomalloc.o(.text) refers (Special) to hrguard.o(.text) for __heap_region$guard
    _get_argv_nomalloc.o(.text) refers to defsig_rtmem_outer.o(.text) for __rt_SIGRTMEM
    _get_argv_nomalloc.o(.text) refers to sys_command.o(.text) for _sys_command_string
    libshutdown.o(.ARM.Collect$$libshutdown$$00000000) refers (Special) to libshutdown2.o(.ARM.Collect$$libshutdown$$00000002) for __rt_lib_shutdown_cpp_1
    libshutdown.o(.ARM.Collect$$libshutdown$$00000000) refers (Special) to libshutdown2.o(.ARM.Collect$$libshutdown$$00000007) for __rt_lib_shutdown_fp_trap_1
    libshutdown.o(.ARM.Collect$$libshutdown$$00000000) refers (Special) to libshutdown2.o(.ARM.Collect$$libshutdown$$0000000F) for __rt_lib_shutdown_heap_1
    libshutdown.o(.ARM.Collect$$libshutdown$$00000000) refers (Special) to libshutdown2.o(.ARM.Collect$$libshutdown$$00000010) for __rt_lib_shutdown_return
    libshutdown.o(.ARM.Collect$$libshutdown$$00000000) refers (Special) to libshutdown2.o(.ARM.Collect$$libshutdown$$0000000A) for __rt_lib_shutdown_signal_1
    libshutdown.o(.ARM.Collect$$libshutdown$$00000000) refers (Special) to libshutdown2.o(.ARM.Collect$$libshutdown$$00000004) for __rt_lib_shutdown_stdio_1
    libshutdown.o(.ARM.Collect$$libshutdown$$00000000) refers (Special) to libshutdown2.o(.ARM.Collect$$libshutdown$$0000000C) for __rt_lib_shutdown_user_alloc_1
    sys_command.o(.text) refers (Special) to use_no_semi.o(.text) for __I$use$semihosting
    sys_command.o(.text) refers (Special) to indicate_semi.o(.text) for __semihosting_library_function
    defsig_rtmem_outer.o(.text) refers to defsig_rtmem_inner.o(.text) for __rt_SIGRTMEM_inner
    defsig_rtmem_outer.o(.text) refers to defsig_exit.o(.text) for __sig_exit
    defsig_rtmem_formal.o(.text) refers to rt_raise.o(.text) for __rt_raise
    rt_raise.o(.text) refers to __raise.o(.text) for __raise
    rt_raise.o(.text) refers to usart.o(.text) for _sys_exit
    defsig_exit.o(.text) refers to usart.o(.text) for _sys_exit
    defsig_rtmem_inner.o(.text) refers to defsig_general.o(.text) for __default_signal_display
    __raise.o(.text) refers to defsig.o(CL$$defsig) for __default_signal_handler
    defsig_general.o(.text) refers to sys_wrch.o(.text) for _ttywrch
    sys_wrch.o(.text) refers (Special) to use_no_semi.o(.text) for __I$use$semihosting
    sys_wrch.o(.text) refers (Special) to indicate_semi.o(.text) for __semihosting_library_function
    defsig.o(CL$$defsig) refers to defsig_rtmem_inner.o(.text) for __rt_SIGRTMEM_inner
    defsig_abrt_inner.o(.text) refers to defsig_general.o(.text) for __default_signal_display
    defsig_fpe_inner.o(.text) refers to defsig_general.o(.text) for __default_signal_display
    defsig_rtred_inner.o(.text) refers to defsig_general.o(.text) for __default_signal_display
    defsig_stak_inner.o(.text) refers to defsig_general.o(.text) for __default_signal_display
    defsig_pvfn_inner.o(.text) refers to defsig_general.o(.text) for __default_signal_display
    defsig_cppl_inner.o(.text) refers to defsig_general.o(.text) for __default_signal_display
    defsig_segv_inner.o(.text) refers to defsig_general.o(.text) for __default_signal_display
    defsig_other.o(.text) refers to defsig_general.o(.text) for __default_signal_display


==============================================================================

Removing Unused input sections from the image.

    Removing sys.o(.emb_text), (6 bytes).
    Removing core_cm3.o(.emb_text), (32 bytes).
    Removing stm32f10x_fsmc.o(.text), (1548 bytes).
    Removing stm32f10x_tim.o(.text), (3610 bytes).
    Removing stm32f10x_flash.o(.text), (1468 bytes).

5 unused section(s) (total 6664 bytes) removed from the image.

==============================================================================

Image Symbol Table

    Local Symbols

    Symbol Name                              Value     Ov Type        Size  Object(Section)

    ../clib/angel/boardlib.s                 0x00000000   Number         0  boardshut.o ABSOLUTE
    ../clib/angel/boardlib.s                 0x00000000   Number         0  boardinit2.o ABSOLUTE
    ../clib/angel/boardlib.s                 0x00000000   Number         0  boardinit1.o ABSOLUTE
    ../clib/angel/boardlib.s                 0x00000000   Number         0  boardinit3.o ABSOLUTE
    ../clib/angel/handlers.s                 0x00000000   Number         0  __scatter_zi.o ABSOLUTE
    ../clib/angel/handlers.s                 0x00000000   Number         0  __scatter_copy.o ABSOLUTE
    ../clib/angel/kernel.s                   0x00000000   Number         0  rtexit2.o ABSOLUTE
    ../clib/angel/kernel.s                   0x00000000   Number         0  __rtentry.o ABSOLUTE
    ../clib/angel/kernel.s                   0x00000000   Number         0  __rtentry4.o ABSOLUTE
    ../clib/angel/kernel.s                   0x00000000   Number         0  rtexit.o ABSOLUTE
    ../clib/angel/kernel.s                   0x00000000   Number         0  __rtentry2.o ABSOLUTE
    ../clib/angel/rt.s                       0x00000000   Number         0  rt_raise.o ABSOLUTE
    ../clib/angel/scatter.s                  0x00000000   Number         0  __scatter.o ABSOLUTE
    ../clib/angel/startup.s                  0x00000000   Number         0  __main.o ABSOLUTE
    ../clib/angel/sys.s                      0x00000000   Number         0  use_no_semi.o ABSOLUTE
    ../clib/angel/sys.s                      0x00000000   Number         0  indicate_semi.o ABSOLUTE
    ../clib/angel/sys.s                      0x00000000   Number         0  sys_stackheap_outer.o ABSOLUTE
    ../clib/angel/sys.s                      0x00000000   Number         0  use_no_semi_2.o ABSOLUTE
    ../clib/angel/sys.s                      0x00000000   Number         0  libspace.o ABSOLUTE
    ../clib/angel/sysapp.c                   0x00000000   Number         0  sys_wrch.o ABSOLUTE
    ../clib/angel/sysapp.c                   0x00000000   Number         0  sys_command.o ABSOLUTE
    ../clib/armsys.c                         0x00000000   Number         0  argv_veneer.o ABSOLUTE
    ../clib/armsys.c                         0x00000000   Number         0  argv_veneer.o ABSOLUTE
    ../clib/armsys.c                         0x00000000   Number         0  no_argv.o ABSOLUTE
    ../clib/armsys.c                         0x00000000   Number         0  _get_argv_nomalloc.o ABSOLUTE
    ../clib/heapalloc.c                      0x00000000   Number         0  hrguard.o ABSOLUTE
    ../clib/heapaux.c                        0x00000000   Number         0  heapauxi.o ABSOLUTE
    ../clib/libinit.s                        0x00000000   Number         0  libshutdown.o ABSOLUTE
    ../clib/libinit.s                        0x00000000   Number         0  libshutdown2.o ABSOLUTE
    ../clib/libinit.s                        0x00000000   Number         0  libinit.o ABSOLUTE
    ../clib/libinit.s                        0x00000000   Number         0  libinit2.o ABSOLUTE
    ../clib/printf.c                         0x00000000   Number         0  __printf_flags_wp.o ABSOLUTE
    ../clib/printf.c                         0x00000000   Number         0  __printf_wp.o ABSOLUTE
    ../clib/printf.c                         0x00000000   Number         0  _printf_char_common.o ABSOLUTE
    ../clib/printf.c                         0x00000000   Number         0  __2printf.o ABSOLUTE
    ../clib/printf.c                         0x00000000   Number         0  __printf_flags_ss.o ABSOLUTE
    ../clib/printf.c                         0x00000000   Number         0  __printf_flags_ss_wp.o ABSOLUTE
    ../clib/printf.c                         0x00000000   Number         0  __printf.o ABSOLUTE
    ../clib/printf.c                         0x00000000   Number         0  __printf_ss_wp.o ABSOLUTE
    ../clib/printf.c                         0x00000000   Number         0  noretval__2sprintf.o ABSOLUTE
    ../clib/printf.c                         0x00000000   Number         0  _printf_intcommon.o ABSOLUTE
    ../clib/printf.c                         0x00000000   Number         0  noretval__2printf.o ABSOLUTE
    ../clib/printf.c                         0x00000000   Number         0  __2sprintf.o ABSOLUTE
    ../clib/printf.c                         0x00000000   Number         0  __printf_ss.o ABSOLUTE
    ../clib/printf.c                         0x00000000   Number         0  __printf_flags.o ABSOLUTE
    ../clib/printf.c                         0x00000000   Number         0  _sputc.o ABSOLUTE
    ../clib/printf.c                         0x00000000   Number         0  _printf_dec.o ABSOLUTE
    ../clib/printf.c                         0x00000000   Number         0  _printf_char.o ABSOLUTE
    ../clib/printf.c                         0x00000000   Number         0  _printf_str.o ABSOLUTE
    ../clib/printf.c                         0x00000000   Number         0  _printf_char_file.o ABSOLUTE
    ../clib/printf.c                         0x00000000   Number         0  __printf_nopercent.o ABSOLUTE
    ../clib/printf_percent.s                 0x00000000   Number         0  _printf_percent_end.o ABSOLUTE
    ../clib/printf_percent.s                 0x00000000   Number         0  _printf_c.o ABSOLUTE
    ../clib/printf_percent.s                 0x00000000   Number         0  _printf_s.o ABSOLUTE
    ../clib/printf_percent.s                 0x00000000   Number         0  _printf_d.o ABSOLUTE
    ../clib/printf_percent.s                 0x00000000   Number         0  _printf_percent.o ABSOLUTE
    ../clib/signal.c                         0x00000000   Number         0  defsig_rtmem_formal.o ABSOLUTE
    ../clib/signal.c                         0x00000000   Number         0  defsig_rtmem_outer.o ABSOLUTE
    ../clib/signal.c                         0x00000000   Number         0  defsig_general.o ABSOLUTE
    ../clib/signal.c                         0x00000000   Number         0  defsig_exit.o ABSOLUTE
    ../clib/signal.c                         0x00000000   Number         0  __raise.o ABSOLUTE
    ../clib/signal.c                         0x00000000   Number         0  defsig_rtmem_inner.o ABSOLUTE
    ../clib/signal.c                         0x00000000   Number         0  defsig_fpe_inner.o ABSOLUTE
    ../clib/signal.c                         0x00000000   Number         0  defsig_rtred_inner.o ABSOLUTE
    ../clib/signal.c                         0x00000000   Number         0  defsig_stak_inner.o ABSOLUTE
    ../clib/signal.c                         0x00000000   Number         0  defsig_pvfn_inner.o ABSOLUTE
    ../clib/signal.c                         0x00000000   Number         0  defsig_cppl_inner.o ABSOLUTE
    ../clib/signal.c                         0x00000000   Number         0  defsig_segv_inner.o ABSOLUTE
    ../clib/signal.c                         0x00000000   Number         0  defsig_other.o ABSOLUTE
    ../clib/signal.c                         0x00000000   Number         0  defsig_abrt_inner.o ABSOLUTE
    ../clib/signal.s                         0x00000000   Number         0  defsig.o ABSOLUTE
    ../clib/stdio.c                          0x00000000   Number         0  ferror.o ABSOLUTE
    ../clib/stdio.c                          0x00000000   Number         0  ferror_locked.o ABSOLUTE
    ../clib/stdlib.c                         0x00000000   Number         0  exit.o ABSOLUTE
    ../fplib/fpinit.s                        0x00000000   Number         0  fpinit.o ABSOLUTE
    ..\CORE\core_cm3.c                       0x00000000   Number         0  core_cm3.o ABSOLUTE
    ..\CORE\startup_stm32f10x_hd.s           0x00000000   Number         0  startup_stm32f10x_hd.o ABSOLUTE
    ..\HARDWARE\BEEP\beep.c                  0x00000000   Number         0  beep.o ABSOLUTE
    ..\HARDWARE\FLASH\flash.c                0x00000000   Number         0  flash.o ABSOLUTE
    ..\HARDWARE\RFID\rc522.c                 0x00000000   Number         0  rc522.o ABSOLUTE
    ..\HARDWARE\RTC\rtc.c                    0x00000000   Number         0  rtc.o ABSOLUTE
    ..\HARDWARE\SPI\spi.c                    0x00000000   Number         0  spi.o ABSOLUTE
    ..\STM32F10x_FWLib\src\misc.c            0x00000000   Number         0  misc.o ABSOLUTE
    ..\STM32F10x_FWLib\src\stm32f10x_bkp.c   0x00000000   Number         0  stm32f10x_bkp.o ABSOLUTE
    ..\STM32F10x_FWLib\src\stm32f10x_flash.c 0x00000000   Number         0  stm32f10x_flash.o ABSOLUTE
    ..\STM32F10x_FWLib\src\stm32f10x_fsmc.c  0x00000000   Number         0  stm32f10x_fsmc.o ABSOLUTE
    ..\STM32F10x_FWLib\src\stm32f10x_gpio.c  0x00000000   Number         0  stm32f10x_gpio.o ABSOLUTE
    ..\STM32F10x_FWLib\src\stm32f10x_pwr.c   0x00000000   Number         0  stm32f10x_pwr.o ABSOLUTE
    ..\STM32F10x_FWLib\src\stm32f10x_rcc.c   0x00000000   Number         0  stm32f10x_rcc.o ABSOLUTE
    ..\STM32F10x_FWLib\src\stm32f10x_rtc.c   0x00000000   Number         0  stm32f10x_rtc.o ABSOLUTE
    ..\STM32F10x_FWLib\src\stm32f10x_spi.c   0x00000000   Number         0  stm32f10x_spi.o ABSOLUTE
    ..\STM32F10x_FWLib\src\stm32f10x_tim.c   0x00000000   Number         0  stm32f10x_tim.o ABSOLUTE
    ..\STM32F10x_FWLib\src\stm32f10x_usart.c 0x00000000   Number         0  stm32f10x_usart.o ABSOLUTE
    ..\SYSTEM\delay\delay.c                  0x00000000   Number         0  delay.o ABSOLUTE
    ..\SYSTEM\sys\sys.c                      0x00000000   Number         0  sys.o ABSOLUTE
    ..\SYSTEM\usart\usart.c                  0x00000000   Number         0  usart.o ABSOLUTE
    ..\\CORE\\core_cm3.c                     0x00000000   Number         0  core_cm3.o ABSOLUTE
    ..\\SYSTEM\\sys\\sys.c                   0x00000000   Number         0  sys.o ABSOLUTE
    dc.s                                     0x00000000   Number         0  dc.o ABSOLUTE
    main.c                                   0x00000000   Number         0  main.o ABSOLUTE
    stm32f10x_it.c                           0x00000000   Number         0  stm32f10x_it.o ABSOLUTE
    system_stm32f10x.c                       0x00000000   Number         0  system_stm32f10x.o ABSOLUTE
    RESET                                    0x08000000   Section      304  startup_stm32f10x_hd.o(RESET)
    !!!main                                  0x08000130   Section        8  __main.o(!!!main)
    !!!scatter                               0x08000138   Section       52  __scatter.o(!!!scatter)
    !!handler_copy                           0x0800016c   Section       26  __scatter_copy.o(!!handler_copy)
    !!handler_zi                             0x08000188   Section       28  __scatter_zi.o(!!handler_zi)
    .ARM.Collect$$_printf_percent$$00000000  0x080001a4   Section        0  _printf_percent.o(.ARM.Collect$$_printf_percent$$00000000)
    .ARM.Collect$$_printf_percent$$00000009  0x080001a4   Section        6  _printf_d.o(.ARM.Collect$$_printf_percent$$00000009)
    .ARM.Collect$$_printf_percent$$00000013  0x080001aa   Section        6  _printf_c.o(.ARM.Collect$$_printf_percent$$00000013)
    .ARM.Collect$$_printf_percent$$00000014  0x080001b0   Section        6  _printf_s.o(.ARM.Collect$$_printf_percent$$00000014)
    .ARM.Collect$$_printf_percent$$00000017  0x080001b6   Section        4  _printf_percent_end.o(.ARM.Collect$$_printf_percent$$00000017)
    .ARM.Collect$$libinit$$00000000          0x080001ba   Section        2  libinit.o(.ARM.Collect$$libinit$$00000000)
    .ARM.Collect$$libinit$$00000002          0x080001bc   Section        0  libinit2.o(.ARM.Collect$$libinit$$00000002)
    .ARM.Collect$$libinit$$00000004          0x080001bc   Section        0  libinit2.o(.ARM.Collect$$libinit$$00000004)
    .ARM.Collect$$libinit$$0000000A          0x080001bc   Section        0  libinit2.o(.ARM.Collect$$libinit$$0000000A)
    .ARM.Collect$$libinit$$0000000C          0x080001bc   Section        0  libinit2.o(.ARM.Collect$$libinit$$0000000C)
    .ARM.Collect$$libinit$$0000000E          0x080001bc   Section        0  libinit2.o(.ARM.Collect$$libinit$$0000000E)
    .ARM.Collect$$libinit$$00000011          0x080001bc   Section        0  libinit2.o(.ARM.Collect$$libinit$$00000011)
    .ARM.Collect$$libinit$$00000013          0x080001bc   Section        0  libinit2.o(.ARM.Collect$$libinit$$00000013)
    .ARM.Collect$$libinit$$00000015          0x080001bc   Section        0  libinit2.o(.ARM.Collect$$libinit$$00000015)
    .ARM.Collect$$libinit$$00000017          0x080001bc   Section        0  libinit2.o(.ARM.Collect$$libinit$$00000017)
    .ARM.Collect$$libinit$$00000019          0x080001bc   Section        0  libinit2.o(.ARM.Collect$$libinit$$00000019)
    .ARM.Collect$$libinit$$0000001B          0x080001bc   Section        0  libinit2.o(.ARM.Collect$$libinit$$0000001B)
    .ARM.Collect$$libinit$$0000001D          0x080001bc   Section        0  libinit2.o(.ARM.Collect$$libinit$$0000001D)
    .ARM.Collect$$libinit$$0000001F          0x080001bc   Section        0  libinit2.o(.ARM.Collect$$libinit$$0000001F)
    .ARM.Collect$$libinit$$00000021          0x080001bc   Section        0  libinit2.o(.ARM.Collect$$libinit$$00000021)
    .ARM.Collect$$libinit$$00000023          0x080001bc   Section        0  libinit2.o(.ARM.Collect$$libinit$$00000023)
    .ARM.Collect$$libinit$$00000025          0x080001bc   Section        0  libinit2.o(.ARM.Collect$$libinit$$00000025)
    .ARM.Collect$$libinit$$0000002C          0x080001bc   Section        0  libinit2.o(.ARM.Collect$$libinit$$0000002C)
    .ARM.Collect$$libinit$$0000002E          0x080001bc   Section        0  libinit2.o(.ARM.Collect$$libinit$$0000002E)
    .ARM.Collect$$libinit$$00000030          0x080001bc   Section        0  libinit2.o(.ARM.Collect$$libinit$$00000030)
    .ARM.Collect$$libinit$$00000032          0x080001bc   Section        0  libinit2.o(.ARM.Collect$$libinit$$00000032)
    .ARM.Collect$$libinit$$00000033          0x080001bc   Section        2  libinit2.o(.ARM.Collect$$libinit$$00000033)
    .ARM.Collect$$libshutdown$$00000000      0x080001be   Section        2  libshutdown.o(.ARM.Collect$$libshutdown$$00000000)
    .ARM.Collect$$libshutdown$$00000002      0x080001c0   Section        0  libshutdown2.o(.ARM.Collect$$libshutdown$$00000002)
    .ARM.Collect$$libshutdown$$00000004      0x080001c0   Section        0  libshutdown2.o(.ARM.Collect$$libshutdown$$00000004)
    .ARM.Collect$$libshutdown$$00000007      0x080001c0   Section        0  libshutdown2.o(.ARM.Collect$$libshutdown$$00000007)
    .ARM.Collect$$libshutdown$$0000000A      0x080001c0   Section        0  libshutdown2.o(.ARM.Collect$$libshutdown$$0000000A)
    .ARM.Collect$$libshutdown$$0000000C      0x080001c0   Section        0  libshutdown2.o(.ARM.Collect$$libshutdown$$0000000C)
    .ARM.Collect$$libshutdown$$0000000F      0x080001c0   Section        0  libshutdown2.o(.ARM.Collect$$libshutdown$$0000000F)
    .ARM.Collect$$libshutdown$$00000010      0x080001c0   Section        2  libshutdown2.o(.ARM.Collect$$libshutdown$$00000010)
    .ARM.Collect$$rtentry$$00000000          0x080001c2   Section        0  __rtentry.o(.ARM.Collect$$rtentry$$00000000)
    .ARM.Collect$$rtentry$$00000002          0x080001c2   Section        0  __rtentry2.o(.ARM.Collect$$rtentry$$00000002)
    .ARM.Collect$$rtentry$$00000004          0x080001c2   Section        6  __rtentry4.o(.ARM.Collect$$rtentry$$00000004)
    .ARM.Collect$$rtentry$$00000009          0x080001c8   Section        0  __rtentry2.o(.ARM.Collect$$rtentry$$00000009)
    .ARM.Collect$$rtentry$$0000000A          0x080001c8   Section        4  __rtentry2.o(.ARM.Collect$$rtentry$$0000000A)
    .ARM.Collect$$rtentry$$0000000C          0x080001cc   Section        0  __rtentry2.o(.ARM.Collect$$rtentry$$0000000C)
    .ARM.Collect$$rtentry$$0000000D          0x080001cc   Section        8  __rtentry2.o(.ARM.Collect$$rtentry$$0000000D)
    .ARM.Collect$$rtexit$$00000000           0x080001d4   Section        2  rtexit.o(.ARM.Collect$$rtexit$$00000000)
    .ARM.Collect$$rtexit$$00000002           0x080001d6   Section        0  rtexit2.o(.ARM.Collect$$rtexit$$00000002)
    .ARM.Collect$$rtexit$$00000003           0x080001d6   Section        4  rtexit2.o(.ARM.Collect$$rtexit$$00000003)
    .ARM.Collect$$rtexit$$00000004           0x080001da   Section        6  rtexit2.o(.ARM.Collect$$rtexit$$00000004)
    .text                                    0x080001e0   Section        0  main.o(.text)
    .text                                    0x080027d4   Section        0  stm32f10x_it.o(.text)
    .text                                    0x080027f0   Section        0  system_stm32f10x.o(.text)
    SetSysClockTo72                          0x080027f1   Thumb Code   214  system_stm32f10x.o(.text)
    SetSysClock                              0x080028c7   Thumb Code     8  system_stm32f10x.o(.text)
    .text                                    0x080029d0   Section        0  rc522.o(.text)
    .text                                    0x08003278   Section        0  rtc.o(.text)
    RTC_NVIC_Config                          0x08003279   Thumb Code    32  rtc.o(.text)
    .text                                    0x080036f0   Section        0  flash.o(.text)
    .text                                    0x08003a70   Section        0  spi.o(.text)
    .text                                    0x08003b74   Section        0  beep.o(.text)
    .text                                    0x08003ba8   Section        0  delay.o(.text)
    .text                                    0x08003c7c   Section        0  sys.o(.text)
    .text                                    0x08003f44   Section        0  usart.o(.text)
    .text                                    0x080041c4   Section       64  startup_stm32f10x_hd.o(.text)
    .text                                    0x08004204   Section        0  misc.o(.text)
    .text                                    0x080042e0   Section        0  stm32f10x_gpio.o(.text)
    .text                                    0x0800463c   Section        0  stm32f10x_rcc.o(.text)
    .text                                    0x080049e0   Section        0  stm32f10x_usart.o(.text)
    .text                                    0x08004de8   Section        0  stm32f10x_spi.o(.text)
    .text                                    0x080050f4   Section        0  stm32f10x_rtc.o(.text)
    .text                                    0x0800523c   Section        0  stm32f10x_bkp.o(.text)
    .text                                    0x08005300   Section        0  stm32f10x_pwr.o(.text)
    .text                                    0x080053cc   Section        2  use_no_semi_2.o(.text)
    .text                                    0x080053d0   Section        0  noretval__2printf.o(.text)
    .text                                    0x080053e8   Section        0  noretval__2sprintf.o(.text)
    .text                                    0x08005410   Section        0  __printf.o(.text)
    .text                                    0x08005478   Section        0  _printf_str.o(.text)
    .text                                    0x080054cc   Section        0  _printf_dec.o(.text)
    .text                                    0x08005544   Section        0  heapauxi.o(.text)
    .text                                    0x0800554a   Section        2  use_no_semi.o(.text)
    .text                                    0x0800554c   Section        0  _printf_intcommon.o(.text)
    .text                                    0x08005600   Section        0  _printf_char_common.o(.text)
    _printf_input_char                       0x08005601   Thumb Code    10  _printf_char_common.o(.text)
    .text                                    0x08005630   Section        0  _sputc.o(.text)
    .text                                    0x0800563a   Section        0  _printf_char.o(.text)
    .text                                    0x08005668   Section        0  _printf_char_file.o(.text)
    .text                                    0x0800568c   Section        0  ferror.o(.text)
    .text                                    0x08005694   Section       74  sys_stackheap_outer.o(.text)
    .text                                    0x080056de   Section        0  exit.o(.text)
    .text                                    0x080056f0   Section        8  libspace.o(.text)
    .constdata                               0x080056f8   Section       24  rtc.o(.constdata)
    .data                                    0x20000000   Section      160  main.o(.data)
    .data                                    0x200000a0   Section       20  system_stm32f10x.o(.data)
    .data                                    0x200000b4   Section        2  rtc.o(.data)
    daycnt                                   0x200000b4   Data           2  rtc.o(.data)
    .data                                    0x200000b6   Section        4  delay.o(.data)
    fac_us                                   0x200000b6   Data           1  delay.o(.data)
    fac_ms                                   0x200000b8   Data           2  delay.o(.data)
    .data                                    0x200000bc   Section        6  usart.o(.data)
    .data                                    0x200000c2   Section       20  stm32f10x_rcc.o(.data)
    APBAHBPrescTable                         0x200000c2   Data          16  stm32f10x_rcc.o(.data)
    ADCPrescTable                            0x200000d2   Data           4  stm32f10x_rcc.o(.data)
    .bss                                     0x200000d8   Section    14156  main.o(.bss)
    .bss                                     0x20003824   Section       10  rtc.o(.bss)
    .bss                                     0x2000382e   Section     4096  flash.o(.bss)
    .bss                                     0x2000482e   Section      200  usart.o(.bss)
    .bss                                     0x200048f8   Section       96  libspace.o(.bss)
    HEAP                                     0x20004958   Section      512  startup_stm32f10x_hd.o(HEAP)
    Heap_Mem                                 0x20004958   Data         512  startup_stm32f10x_hd.o(HEAP)
    STACK                                    0x20004b58   Section     1024  startup_stm32f10x_hd.o(STACK)
    Stack_Mem                                0x20004b58   Data        1024  startup_stm32f10x_hd.o(STACK)
    __initial_sp                             0x20004f58   Data           0  startup_stm32f10x_hd.o(STACK)

    Global Symbols

    Symbol Name                              Value     Ov Type        Size  Object(Section)

    BuildAttributes$$THM_ISAv4$P$D$K$B$S$PE$A:L22UL41UL21$X:L11$S22US41US21$IEEE1$IW$USESV6$~STKCKD$USESV7$~SHL$OSPACE$ROPI$EBA8$UX$STANDARDLIB$REQ8$PRES8$EABIv2 0x00000000   Number         0  anon$$obj.o ABSOLUTE
    __ARM_use_no_argv                        0x00000000   Number         0  main.o ABSOLUTE
    __ARM_exceptions_init                     - Undefined Weak Reference
    __alloca_initialize                       - Undefined Weak Reference
    __arm_preinit_                            - Undefined Weak Reference
    __cpp_initialize__aeabi_                  - Undefined Weak Reference
    __cxa_finalize                            - Undefined Weak Reference
    __rt_locale                               - Undefined Weak Reference
    __sigvec_lookup                           - Undefined Weak Reference
    _atexit_init                              - Undefined Weak Reference
    _call_atexit_fns                          - Undefined Weak Reference
    _clock_init                               - Undefined Weak Reference
    _fp_trap_init                             - Undefined Weak Reference
    _fp_trap_shutdown                         - Undefined Weak Reference
    _get_lc_collate                           - Undefined Weak Reference
    _get_lc_ctype                             - Undefined Weak Reference
    _get_lc_monetary                          - Undefined Weak Reference
    _get_lc_numeric                           - Undefined Weak Reference
    _get_lc_time                              - Undefined Weak Reference
    _getenv_init                              - Undefined Weak Reference
    _handle_redirection                       - Undefined Weak Reference
    _init_alloc                               - Undefined Weak Reference
    _init_user_alloc                          - Undefined Weak Reference
    _initio                                   - Undefined Weak Reference
    _mutex_acquire                            - Undefined Weak Reference
    _mutex_release                            - Undefined Weak Reference
    _printf_mbtowc                            - Undefined Weak Reference
    _printf_post_padding                      - Undefined Weak Reference
    _printf_pre_padding                       - Undefined Weak Reference
    _printf_truncate_signed                   - Undefined Weak Reference
    _printf_truncate_unsigned                 - Undefined Weak Reference
    _rand_init                                - Undefined Weak Reference
    _signal_finish                            - Undefined Weak Reference
    _signal_init                              - Undefined Weak Reference
    _terminate_alloc                          - Undefined Weak Reference
    _terminate_user_alloc                     - Undefined Weak Reference
    _terminateio                              - Undefined Weak Reference
    __Vectors_Size                           0x00000130   Number         0  startup_stm32f10x_hd.o ABSOLUTE
    __Vectors                                0x08000000   Data           4  startup_stm32f10x_hd.o(RESET)
    __Vectors_End                            0x08000130   Data           0  startup_stm32f10x_hd.o(RESET)
    __main                                   0x08000131   Thumb Code     8  __main.o(!!!main)
    __scatterload                            0x08000139   Thumb Code     0  __scatter.o(!!!scatter)
    __scatterload_rt2                        0x08000139   Thumb Code    44  __scatter.o(!!!scatter)
    __scatterload_rt2_thumb_only             0x08000139   Thumb Code     0  __scatter.o(!!!scatter)
    __scatterload_null                       0x08000147   Thumb Code     0  __scatter.o(!!!scatter)
    __scatterload_copy                       0x0800016d   Thumb Code    26  __scatter_copy.o(!!handler_copy)
    __scatterload_zeroinit                   0x08000189   Thumb Code    28  __scatter_zi.o(!!handler_zi)
    _printf_d                                0x080001a5   Thumb Code     0  _printf_d.o(.ARM.Collect$$_printf_percent$$00000009)
    _printf_percent                          0x080001a5   Thumb Code     0  _printf_percent.o(.ARM.Collect$$_printf_percent$$00000000)
    _printf_c                                0x080001ab   Thumb Code     0  _printf_c.o(.ARM.Collect$$_printf_percent$$00000013)
    _printf_s                                0x080001b1   Thumb Code     0  _printf_s.o(.ARM.Collect$$_printf_percent$$00000014)
    _printf_percent_end                      0x080001b7   Thumb Code     0  _printf_percent_end.o(.ARM.Collect$$_printf_percent$$00000017)
    __rt_lib_init                            0x080001bb   Thumb Code     0  libinit.o(.ARM.Collect$$libinit$$00000000)
    __rt_lib_init_alloca_1                   0x080001bd   Thumb Code     0  libinit2.o(.ARM.Collect$$libinit$$0000002E)
    __rt_lib_init_argv_1                     0x080001bd   Thumb Code     0  libinit2.o(.ARM.Collect$$libinit$$0000002C)
    __rt_lib_init_atexit_1                   0x080001bd   Thumb Code     0  libinit2.o(.ARM.Collect$$libinit$$0000001B)
    __rt_lib_init_clock_1                    0x080001bd   Thumb Code     0  libinit2.o(.ARM.Collect$$libinit$$00000021)
    __rt_lib_init_cpp_1                      0x080001bd   Thumb Code     0  libinit2.o(.ARM.Collect$$libinit$$00000032)
    __rt_lib_init_exceptions_1               0x080001bd   Thumb Code     0  libinit2.o(.ARM.Collect$$libinit$$00000030)
    __rt_lib_init_fp_1                       0x080001bd   Thumb Code     0  libinit2.o(.ARM.Collect$$libinit$$00000002)
    __rt_lib_init_fp_trap_1                  0x080001bd   Thumb Code     0  libinit2.o(.ARM.Collect$$libinit$$0000001F)
    __rt_lib_init_getenv_1                   0x080001bd   Thumb Code     0  libinit2.o(.ARM.Collect$$libinit$$00000023)
    __rt_lib_init_heap_1                     0x080001bd   Thumb Code     0  libinit2.o(.ARM.Collect$$libinit$$0000000A)
    __rt_lib_init_lc_collate_1               0x080001bd   Thumb Code     0  libinit2.o(.ARM.Collect$$libinit$$00000011)
    __rt_lib_init_lc_ctype_1                 0x080001bd   Thumb Code     0  libinit2.o(.ARM.Collect$$libinit$$00000013)
    __rt_lib_init_lc_monetary_1              0x080001bd   Thumb Code     0  libinit2.o(.ARM.Collect$$libinit$$00000015)
    __rt_lib_init_lc_numeric_1               0x080001bd   Thumb Code     0  libinit2.o(.ARM.Collect$$libinit$$00000017)
    __rt_lib_init_lc_time_1                  0x080001bd   Thumb Code     0  libinit2.o(.ARM.Collect$$libinit$$00000019)
    __rt_lib_init_preinit_1                  0x080001bd   Thumb Code     0  libinit2.o(.ARM.Collect$$libinit$$00000004)
    __rt_lib_init_rand_1                     0x080001bd   Thumb Code     0  libinit2.o(.ARM.Collect$$libinit$$0000000E)
    __rt_lib_init_return                     0x080001bd   Thumb Code     0  libinit2.o(.ARM.Collect$$libinit$$00000033)
    __rt_lib_init_signal_1                   0x080001bd   Thumb Code     0  libinit2.o(.ARM.Collect$$libinit$$0000001D)
    __rt_lib_init_stdio_1                    0x080001bd   Thumb Code     0  libinit2.o(.ARM.Collect$$libinit$$00000025)
    __rt_lib_init_user_alloc_1               0x080001bd   Thumb Code     0  libinit2.o(.ARM.Collect$$libinit$$0000000C)
    __rt_lib_shutdown                        0x080001bf   Thumb Code     0  libshutdown.o(.ARM.Collect$$libshutdown$$00000000)
    __rt_lib_shutdown_cpp_1                  0x080001c1   Thumb Code     0  libshutdown2.o(.ARM.Collect$$libshutdown$$00000002)
    __rt_lib_shutdown_fp_trap_1              0x080001c1   Thumb Code     0  libshutdown2.o(.ARM.Collect$$libshutdown$$00000007)
    __rt_lib_shutdown_heap_1                 0x080001c1   Thumb Code     0  libshutdown2.o(.ARM.Collect$$libshutdown$$0000000F)
    __rt_lib_shutdown_return                 0x080001c1   Thumb Code     0  libshutdown2.o(.ARM.Collect$$libshutdown$$00000010)
    __rt_lib_shutdown_signal_1               0x080001c1   Thumb Code     0  libshutdown2.o(.ARM.Collect$$libshutdown$$0000000A)
    __rt_lib_shutdown_stdio_1                0x080001c1   Thumb Code     0  libshutdown2.o(.ARM.Collect$$libshutdown$$00000004)
    __rt_lib_shutdown_user_alloc_1           0x080001c1   Thumb Code     0  libshutdown2.o(.ARM.Collect$$libshutdown$$0000000C)
    __rt_entry                               0x080001c3   Thumb Code     0  __rtentry.o(.ARM.Collect$$rtentry$$00000000)
    __rt_entry_presh_1                       0x080001c3   Thumb Code     0  __rtentry2.o(.ARM.Collect$$rtentry$$00000002)
    __rt_entry_sh                            0x080001c3   Thumb Code     0  __rtentry4.o(.ARM.Collect$$rtentry$$00000004)
    __rt_entry_li                            0x080001c9   Thumb Code     0  __rtentry2.o(.ARM.Collect$$rtentry$$0000000A)
    __rt_entry_postsh_1                      0x080001c9   Thumb Code     0  __rtentry2.o(.ARM.Collect$$rtentry$$00000009)
    __rt_entry_main                          0x080001cd   Thumb Code     0  __rtentry2.o(.ARM.Collect$$rtentry$$0000000D)
    __rt_entry_postli_1                      0x080001cd   Thumb Code     0  __rtentry2.o(.ARM.Collect$$rtentry$$0000000C)
    __rt_exit                                0x080001d5   Thumb Code     0  rtexit.o(.ARM.Collect$$rtexit$$00000000)
    __rt_exit_ls                             0x080001d7   Thumb Code     0  rtexit2.o(.ARM.Collect$$rtexit$$00000003)
    __rt_exit_prels_1                        0x080001d7   Thumb Code     0  rtexit2.o(.ARM.Collect$$rtexit$$00000002)
    __rt_exit_exit                           0x080001db   Thumb Code     0  rtexit2.o(.ARM.Collect$$rtexit$$00000004)
    beep                                     0x080001e1   Thumb Code    82  main.o(.text)
    Flashwrite                               0x08000233   Thumb Code  1594  main.o(.text)
    Flashread                                0x0800086d   Thumb Code   506  main.o(.text)
    ff                                       0x08000a67   Thumb Code    26  main.o(.text)
    UART_PutChar                             0x08000a81   Thumb Code    30  main.o(.text)
    UART_PutStr                              0x08000a9f   Thumb Code    26  main.o(.text)
    Rtc                                      0x08000ab9   Thumb Code   328  main.o(.text)
    Registerbranch1                          0x08000c01   Thumb Code  1128  main.o(.text)
    Registerbranch2                          0x08001069   Thumb Code   956  main.o(.text)
    Register                                 0x08001425   Thumb Code   268  main.o(.text)
    show                                     0x08001531   Thumb Code   442  main.o(.text)
    clear                                    0x080016eb   Thumb Code   600  main.o(.text)
    Attendance                               0x08001943   Thumb Code  2100  main.o(.text)
    minf                                     0x08002177   Thumb Code   582  main.o(.text)
    Flashtest                                0x080023bd   Thumb Code   824  main.o(.text)
    main                                     0x080026f5   Thumb Code   130  main.o(.text)
    NMI_Handler                              0x080027d5   Thumb Code     2  stm32f10x_it.o(.text)
    HardFault_Handler                        0x080027d7   Thumb Code     4  stm32f10x_it.o(.text)
    MemManage_Handler                        0x080027db   Thumb Code     4  stm32f10x_it.o(.text)
    BusFault_Handler                         0x080027df   Thumb Code     4  stm32f10x_it.o(.text)
    UsageFault_Handler                       0x080027e3   Thumb Code     4  stm32f10x_it.o(.text)
    SVC_Handler                              0x080027e7   Thumb Code     2  stm32f10x_it.o(.text)
    DebugMon_Handler                         0x080027e9   Thumb Code     2  stm32f10x_it.o(.text)
    PendSV_Handler                           0x080027eb   Thumb Code     2  stm32f10x_it.o(.text)
    SysTick_Handler                          0x080027ed   Thumb Code     2  stm32f10x_it.o(.text)
    SystemInit                               0x080028cf   Thumb Code    78  system_stm32f10x.o(.text)
    SystemCoreClockUpdate                    0x0800291d   Thumb Code   142  system_stm32f10x.o(.text)
    delay_ns                                 0x080029d1   Thumb Code    18  rc522.o(.text)
    SPIWriteByte                             0x080029e3   Thumb Code    46  rc522.o(.text)
    SPI2_Init                                0x08002a11   Thumb Code   184  rc522.o(.text)
    WriteRawRC                               0x08002ac9   Thumb Code    42  rc522.o(.text)
    ReadRawRC                                0x08002af3   Thumb Code    50  rc522.o(.text)
    SetBitMask                               0x08002b25   Thumb Code    28  rc522.o(.text)
    PcdAntennaOn                             0x08002b41   Thumb Code    26  rc522.o(.text)
    ClearBitMask                             0x08002b5b   Thumb Code    28  rc522.o(.text)
    M500PcdConfigISOType                     0x08002b77   Thumb Code    94  rc522.o(.text)
    PcdAntennaOff                            0x08002bd5   Thumb Code    12  rc522.o(.text)
    PcdReset                                 0x08002be1   Thumb Code   118  rc522.o(.text)
    InitRc522                                0x08002c57   Thumb Code    26  rc522.o(.text)
    Reset_RC522                              0x08002c71   Thumb Code    16  rc522.o(.text)
    PcdComMF522                              0x08002c81   Thumb Code   318  rc522.o(.text)
    PcdRequest                               0x08002dbf   Thumb Code   108  rc522.o(.text)
    PcdAnticoll                              0x08002e2b   Thumb Code   112  rc522.o(.text)
    CalulateCRC                              0x08002e9b   Thumb Code   108  rc522.o(.text)
    PcdSelect                                0x08002f07   Thumb Code   116  rc522.o(.text)
    PcdAuthState                             0x08002f7b   Thumb Code    86  rc522.o(.text)
    PcdRead                                  0x08002fd1   Thumb Code    86  rc522.o(.text)
    PcdWrite                                 0x08003027   Thumb Code   150  rc522.o(.text)
    PcdHalt                                  0x080030bd   Thumb Code    52  rc522.o(.text)
    PcdValue                                 0x080030f1   Thumb Code   188  rc522.o(.text)
    PcdBakValue                              0x080031ad   Thumb Code   202  rc522.o(.text)
    RTC_Get_Week                             0x08003299   Thumb Code   116  rtc.o(.text)
    Is_Leap_Year                             0x0800330d   Thumb Code    58  rtc.o(.text)
    RTC_Get                                  0x08003347   Thumb Code   240  rtc.o(.text)
    RTC_Set                                  0x08003437   Thumb Code   184  rtc.o(.text)
    RTC_Init                                 0x080034ef   Thumb Code   192  rtc.o(.text)
    RTC_IRQHandler                           0x080035af   Thumb Code    76  rtc.o(.text)
    RTC_Alarm_Set                            0x080035fb   Thumb Code   184  rtc.o(.text)
    SPI_Flash_Init                           0x080036f1   Thumb Code    60  flash.o(.text)
    SPI_Flash_ReadSR                         0x0800372d   Thumb Code    42  flash.o(.text)
    SPI_FLASH_Write_SR                       0x08003757   Thumb Code    38  flash.o(.text)
    SPI_FLASH_Write_Enable                   0x0800377d   Thumb Code    30  flash.o(.text)
    SPI_FLASH_Write_Disable                  0x0800379b   Thumb Code    30  flash.o(.text)
    SPI_Flash_ReadID                         0x080037b9   Thumb Code    70  flash.o(.text)
    SPI_Flash_Read                           0x080037ff   Thumb Code    82  flash.o(.text)
    SPI_Flash_Wait_Busy                      0x08003851   Thumb Code    18  flash.o(.text)
    SPI_Flash_Write_Page                     0x08003863   Thumb Code    88  flash.o(.text)
    SPI_Flash_Write_NoCheck                  0x080038bb   Thumb Code    70  flash.o(.text)
    SPI_Flash_Erase_Sector                   0x08003901   Thumb Code    68  flash.o(.text)
    SPI_Flash_Write                          0x08003945   Thumb Code   176  flash.o(.text)
    SPI_Flash_Erase_Chip                     0x080039f5   Thumb Code    42  flash.o(.text)
    SPI_Flash_PowerDown                      0x08003a1f   Thumb Code    36  flash.o(.text)
    SPI_Flash_WAKEUP                         0x08003a43   Thumb Code    36  flash.o(.text)
    SPI1_ReadWriteByte                       0x08003a71   Thumb Code    78  spi.o(.text)
    SPI1_Init                                0x08003abf   Thumb Code   136  spi.o(.text)
    SPI1_SetSpeed                            0x08003b47   Thumb Code    36  spi.o(.text)
    BEEP_Init                                0x08003b75   Thumb Code    46  beep.o(.text)
    delay_init                               0x08003ba9   Thumb Code    50  delay.o(.text)
    delay_us                                 0x08003bdb   Thumb Code    72  delay.o(.text)
    delay_ms                                 0x08003c23   Thumb Code    72  delay.o(.text)
    MY_NVIC_SetVectorTable                   0x08003c7d   Thumb Code    12  sys.o(.text)
    MY_NVIC_PriorityGroupConfig              0x08003c89   Thumb Code    36  sys.o(.text)
    MY_NVIC_Init                             0x08003cad   Thumb Code   116  sys.o(.text)
    Ex_NVIC_Config                           0x08003d21   Thumb Code   146  sys.o(.text)
    MYRCC_DeInit                             0x08003db3   Thumb Code    90  sys.o(.text)
    WFI_SET                                  0x08003e0d   Thumb Code     4  sys.o(.text)
    INTX_DISABLE                             0x08003e11   Thumb Code     4  sys.o(.text)
    INTX_ENABLE                              0x08003e15   Thumb Code     4  sys.o(.text)
    Sys_Standby                              0x08003e19   Thumb Code    68  sys.o(.text)
    Sys_Soft_Reset                           0x08003e5d   Thumb Code    12  sys.o(.text)
    JTAG_Set                                 0x08003e69   Thumb Code    42  sys.o(.text)
    Stm32_Clock_Init                         0x08003e93   Thumb Code   134  sys.o(.text)
    _sys_exit                                0x08003f45   Thumb Code     6  usart.o(.text)
    fputc                                    0x08003f4b   Thumb Code    24  usart.o(.text)
    uart1_init                               0x08003f63   Thumb Code   152  usart.o(.text)
    uart3_init                               0x08003ffb   Thumb Code   188  usart.o(.text)
    USART3_IRQHandler                        0x080040b7   Thumb Code   122  usart.o(.text)
    USART1_IRQHandler                        0x08004131   Thumb Code   122  usart.o(.text)
    Reset_Handler                            0x080041c5   Thumb Code     8  startup_stm32f10x_hd.o(.text)
    ADC1_2_IRQHandler                        0x080041df   Thumb Code     0  startup_stm32f10x_hd.o(.text)
    ADC3_IRQHandler                          0x080041df   Thumb Code     0  startup_stm32f10x_hd.o(.text)
    CAN1_RX1_IRQHandler                      0x080041df   Thumb Code     0  startup_stm32f10x_hd.o(.text)
    CAN1_SCE_IRQHandler                      0x080041df   Thumb Code     0  startup_stm32f10x_hd.o(.text)
    DMA1_Channel1_IRQHandler                 0x080041df   Thumb Code     0  startup_stm32f10x_hd.o(.text)
    DMA1_Channel2_IRQHandler                 0x080041df   Thumb Code     0  startup_stm32f10x_hd.o(.text)
    DMA1_Channel3_IRQHandler                 0x080041df   Thumb Code     0  startup_stm32f10x_hd.o(.text)
    DMA1_Channel4_IRQHandler                 0x080041df   Thumb Code     0  startup_stm32f10x_hd.o(.text)
    DMA1_Channel5_IRQHandler                 0x080041df   Thumb Code     0  startup_stm32f10x_hd.o(.text)
    DMA1_Channel6_IRQHandler                 0x080041df   Thumb Code     0  startup_stm32f10x_hd.o(.text)
    DMA1_Channel7_IRQHandler                 0x080041df   Thumb Code     0  startup_stm32f10x_hd.o(.text)
    DMA2_Channel1_IRQHandler                 0x080041df   Thumb Code     0  startup_stm32f10x_hd.o(.text)
    DMA2_Channel2_IRQHandler                 0x080041df   Thumb Code     0  startup_stm32f10x_hd.o(.text)
    DMA2_Channel3_IRQHandler                 0x080041df   Thumb Code     0  startup_stm32f10x_hd.o(.text)
    DMA2_Channel4_5_IRQHandler               0x080041df   Thumb Code     0  startup_stm32f10x_hd.o(.text)
    EXTI0_IRQHandler                         0x080041df   Thumb Code     0  startup_stm32f10x_hd.o(.text)
    EXTI15_10_IRQHandler                     0x080041df   Thumb Code     0  startup_stm32f10x_hd.o(.text)
    EXTI1_IRQHandler                         0x080041df   Thumb Code     0  startup_stm32f10x_hd.o(.text)
    EXTI2_IRQHandler                         0x080041df   Thumb Code     0  startup_stm32f10x_hd.o(.text)
    EXTI3_IRQHandler                         0x080041df   Thumb Code     0  startup_stm32f10x_hd.o(.text)
    EXTI4_IRQHandler                         0x080041df   Thumb Code     0  startup_stm32f10x_hd.o(.text)
    EXTI9_5_IRQHandler                       0x080041df   Thumb Code     0  startup_stm32f10x_hd.o(.text)
    FLASH_IRQHandler                         0x080041df   Thumb Code     0  startup_stm32f10x_hd.o(.text)
    FSMC_IRQHandler                          0x080041df   Thumb Code     0  startup_stm32f10x_hd.o(.text)
    I2C1_ER_IRQHandler                       0x080041df   Thumb Code     0  startup_stm32f10x_hd.o(.text)
    I2C1_EV_IRQHandler                       0x080041df   Thumb Code     0  startup_stm32f10x_hd.o(.text)
    I2C2_ER_IRQHandler                       0x080041df   Thumb Code     0  startup_stm32f10x_hd.o(.text)
    I2C2_EV_IRQHandler                       0x080041df   Thumb Code     0  startup_stm32f10x_hd.o(.text)
    PVD_IRQHandler                           0x080041df   Thumb Code     0  startup_stm32f10x_hd.o(.text)
    RCC_IRQHandler                           0x080041df   Thumb Code     0  startup_stm32f10x_hd.o(.text)
    RTCAlarm_IRQHandler                      0x080041df   Thumb Code     0  startup_stm32f10x_hd.o(.text)
    SDIO_IRQHandler                          0x080041df   Thumb Code     0  startup_stm32f10x_hd.o(.text)
    SPI1_IRQHandler                          0x080041df   Thumb Code     0  startup_stm32f10x_hd.o(.text)
    SPI2_IRQHandler                          0x080041df   Thumb Code     0  startup_stm32f10x_hd.o(.text)
    SPI3_IRQHandler                          0x080041df   Thumb Code     0  startup_stm32f10x_hd.o(.text)
    TAMPER_IRQHandler                        0x080041df   Thumb Code     0  startup_stm32f10x_hd.o(.text)
    TIM1_BRK_IRQHandler                      0x080041df   Thumb Code     0  startup_stm32f10x_hd.o(.text)
    TIM1_CC_IRQHandler                       0x080041df   Thumb Code     0  startup_stm32f10x_hd.o(.text)
    TIM1_TRG_COM_IRQHandler                  0x080041df   Thumb Code     0  startup_stm32f10x_hd.o(.text)
    TIM1_UP_IRQHandler                       0x080041df   Thumb Code     0  startup_stm32f10x_hd.o(.text)
    TIM2_IRQHandler                          0x080041df   Thumb Code     0  startup_stm32f10x_hd.o(.text)
    TIM3_IRQHandler                          0x080041df   Thumb Code     0  startup_stm32f10x_hd.o(.text)
    TIM4_IRQHandler                          0x080041df   Thumb Code     0  startup_stm32f10x_hd.o(.text)
    TIM5_IRQHandler                          0x080041df   Thumb Code     0  startup_stm32f10x_hd.o(.text)
    TIM6_IRQHandler                          0x080041df   Thumb Code     0  startup_stm32f10x_hd.o(.text)
    TIM7_IRQHandler                          0x080041df   Thumb Code     0  startup_stm32f10x_hd.o(.text)
    TIM8_BRK_IRQHandler                      0x080041df   Thumb Code     0  startup_stm32f10x_hd.o(.text)
    TIM8_CC_IRQHandler                       0x080041df   Thumb Code     0  startup_stm32f10x_hd.o(.text)
    TIM8_TRG_COM_IRQHandler                  0x080041df   Thumb Code     0  startup_stm32f10x_hd.o(.text)
    TIM8_UP_IRQHandler                       0x080041df   Thumb Code     0  startup_stm32f10x_hd.o(.text)
    UART4_IRQHandler                         0x080041df   Thumb Code     0  startup_stm32f10x_hd.o(.text)
    UART5_IRQHandler                         0x080041df   Thumb Code     0  startup_stm32f10x_hd.o(.text)
    USART2_IRQHandler                        0x080041df   Thumb Code     0  startup_stm32f10x_hd.o(.text)
    USBWakeUp_IRQHandler                     0x080041df   Thumb Code     0  startup_stm32f10x_hd.o(.text)
    USB_HP_CAN1_TX_IRQHandler                0x080041df   Thumb Code     0  startup_stm32f10x_hd.o(.text)
    USB_LP_CAN1_RX0_IRQHandler               0x080041df   Thumb Code     0  startup_stm32f10x_hd.o(.text)
    WWDG_IRQHandler                          0x080041df   Thumb Code     0  startup_stm32f10x_hd.o(.text)
    __user_initial_stackheap                 0x080041e1   Thumb Code     0  startup_stm32f10x_hd.o(.text)
    NVIC_PriorityGroupConfig                 0x08004205   Thumb Code    10  misc.o(.text)
    NVIC_Init                                0x0800420f   Thumb Code   100  misc.o(.text)
    NVIC_SetVectorTable                      0x08004273   Thumb Code    14  misc.o(.text)
    NVIC_SystemLPConfig                      0x08004281   Thumb Code    34  misc.o(.text)
    SysTick_CLKSourceConfig                  0x080042a3   Thumb Code    40  misc.o(.text)
    GPIO_DeInit                              0x080042e1   Thumb Code   172  stm32f10x_gpio.o(.text)
    GPIO_AFIODeInit                          0x0800438d   Thumb Code    20  stm32f10x_gpio.o(.text)
    GPIO_Init                                0x080043a1   Thumb Code   278  stm32f10x_gpio.o(.text)
    GPIO_StructInit                          0x080044b7   Thumb Code    16  stm32f10x_gpio.o(.text)
    GPIO_ReadInputDataBit                    0x080044c7   Thumb Code    18  stm32f10x_gpio.o(.text)
    GPIO_ReadInputData                       0x080044d9   Thumb Code     8  stm32f10x_gpio.o(.text)
    GPIO_ReadOutputDataBit                   0x080044e1   Thumb Code    18  stm32f10x_gpio.o(.text)
    GPIO_ReadOutputData                      0x080044f3   Thumb Code     8  stm32f10x_gpio.o(.text)
    GPIO_SetBits                             0x080044fb   Thumb Code     4  stm32f10x_gpio.o(.text)
    GPIO_ResetBits                           0x080044ff   Thumb Code     4  stm32f10x_gpio.o(.text)
    GPIO_WriteBit                            0x08004503   Thumb Code    10  stm32f10x_gpio.o(.text)
    GPIO_Write                               0x0800450d   Thumb Code     4  stm32f10x_gpio.o(.text)
    GPIO_PinLockConfig                       0x08004511   Thumb Code    18  stm32f10x_gpio.o(.text)
    GPIO_EventOutputConfig                   0x08004523   Thumb Code    26  stm32f10x_gpio.o(.text)
    GPIO_EventOutputCmd                      0x0800453d   Thumb Code     6  stm32f10x_gpio.o(.text)
    GPIO_PinRemapConfig                      0x08004543   Thumb Code   138  stm32f10x_gpio.o(.text)
    GPIO_EXTILineConfig                      0x080045cd   Thumb Code    66  stm32f10x_gpio.o(.text)
    GPIO_ETH_MediaInterfaceConfig            0x0800460f   Thumb Code     8  stm32f10x_gpio.o(.text)
    RCC_DeInit                               0x0800463d   Thumb Code    64  stm32f10x_rcc.o(.text)
    RCC_HSEConfig                            0x0800467d   Thumb Code    70  stm32f10x_rcc.o(.text)
    RCC_GetFlagStatus                        0x080046c3   Thumb Code    56  stm32f10x_rcc.o(.text)
    RCC_WaitForHSEStartUp                    0x080046fb   Thumb Code    56  stm32f10x_rcc.o(.text)
    RCC_AdjustHSICalibrationValue            0x08004733   Thumb Code    20  stm32f10x_rcc.o(.text)
    RCC_HSICmd                               0x08004747   Thumb Code     6  stm32f10x_rcc.o(.text)
    RCC_PLLConfig                            0x0800474d   Thumb Code    24  stm32f10x_rcc.o(.text)
    RCC_PLLCmd                               0x08004765   Thumb Code     6  stm32f10x_rcc.o(.text)
    RCC_SYSCLKConfig                         0x0800476b   Thumb Code    18  stm32f10x_rcc.o(.text)
    RCC_GetSYSCLKSource                      0x0800477d   Thumb Code    10  stm32f10x_rcc.o(.text)
    RCC_HCLKConfig                           0x08004787   Thumb Code    18  stm32f10x_rcc.o(.text)
    RCC_PCLK1Config                          0x08004799   Thumb Code    18  stm32f10x_rcc.o(.text)
    RCC_PCLK2Config                          0x080047ab   Thumb Code    20  stm32f10x_rcc.o(.text)
    RCC_ITConfig                             0x080047bf   Thumb Code    26  stm32f10x_rcc.o(.text)
    RCC_USBCLKConfig                         0x080047d9   Thumb Code     8  stm32f10x_rcc.o(.text)
    RCC_ADCCLKConfig                         0x080047e1   Thumb Code    18  stm32f10x_rcc.o(.text)
    RCC_LSEConfig                            0x080047f3   Thumb Code    50  stm32f10x_rcc.o(.text)
    RCC_LSICmd                               0x08004825   Thumb Code     6  stm32f10x_rcc.o(.text)
    RCC_RTCCLKConfig                         0x0800482b   Thumb Code    12  stm32f10x_rcc.o(.text)
    RCC_RTCCLKCmd                            0x08004837   Thumb Code     8  stm32f10x_rcc.o(.text)
    RCC_GetClocksFreq                        0x0800483f   Thumb Code   192  stm32f10x_rcc.o(.text)
    RCC_AHBPeriphClockCmd                    0x080048ff   Thumb Code    26  stm32f10x_rcc.o(.text)
    RCC_APB2PeriphClockCmd                   0x08004919   Thumb Code    26  stm32f10x_rcc.o(.text)
    RCC_APB1PeriphClockCmd                   0x08004933   Thumb Code    26  stm32f10x_rcc.o(.text)
    RCC_APB2PeriphResetCmd                   0x0800494d   Thumb Code    26  stm32f10x_rcc.o(.text)
    RCC_APB1PeriphResetCmd                   0x08004967   Thumb Code    26  stm32f10x_rcc.o(.text)
    RCC_BackupResetCmd                       0x08004981   Thumb Code     8  stm32f10x_rcc.o(.text)
    RCC_ClockSecuritySystemCmd               0x08004989   Thumb Code     6  stm32f10x_rcc.o(.text)
    RCC_MCOConfig                            0x0800498f   Thumb Code     6  stm32f10x_rcc.o(.text)
    RCC_ClearFlag                            0x08004995   Thumb Code    14  stm32f10x_rcc.o(.text)
    RCC_GetITStatus                          0x080049a3   Thumb Code    20  stm32f10x_rcc.o(.text)
    RCC_ClearITPendingBit                    0x080049b7   Thumb Code     6  stm32f10x_rcc.o(.text)
    USART_DeInit                             0x080049e1   Thumb Code   134  stm32f10x_usart.o(.text)
    USART_Init                               0x08004a67   Thumb Code   210  stm32f10x_usart.o(.text)
    USART_StructInit                         0x08004b39   Thumb Code    24  stm32f10x_usart.o(.text)
    USART_ClockInit                          0x08004b51   Thumb Code    34  stm32f10x_usart.o(.text)
    USART_ClockStructInit                    0x08004b73   Thumb Code    12  stm32f10x_usart.o(.text)
    USART_Cmd                                0x08004b7f   Thumb Code    24  stm32f10x_usart.o(.text)
    USART_ITConfig                           0x08004b97   Thumb Code    74  stm32f10x_usart.o(.text)
    USART_DMACmd                             0x08004be1   Thumb Code    18  stm32f10x_usart.o(.text)
    USART_SetAddress                         0x08004bf3   Thumb Code    18  stm32f10x_usart.o(.text)
    USART_WakeUpConfig                       0x08004c05   Thumb Code    18  stm32f10x_usart.o(.text)
    USART_ReceiverWakeUpCmd                  0x08004c17   Thumb Code    24  stm32f10x_usart.o(.text)
    USART_LINBreakDetectLengthConfig         0x08004c2f   Thumb Code    18  stm32f10x_usart.o(.text)
    USART_LINCmd                             0x08004c41   Thumb Code    24  stm32f10x_usart.o(.text)
    USART_SendData                           0x08004c59   Thumb Code     8  stm32f10x_usart.o(.text)
    USART_ReceiveData                        0x08004c61   Thumb Code    10  stm32f10x_usart.o(.text)
    USART_SendBreak                          0x08004c6b   Thumb Code    10  stm32f10x_usart.o(.text)
    USART_SetGuardTime                       0x08004c75   Thumb Code    16  stm32f10x_usart.o(.text)
    USART_SetPrescaler                       0x08004c85   Thumb Code    16  stm32f10x_usart.o(.text)
    USART_SmartCardCmd                       0x08004c95   Thumb Code    24  stm32f10x_usart.o(.text)
    USART_SmartCardNACKCmd                   0x08004cad   Thumb Code    24  stm32f10x_usart.o(.text)
    USART_HalfDuplexCmd                      0x08004cc5   Thumb Code    24  stm32f10x_usart.o(.text)
    USART_OverSampling8Cmd                   0x08004cdd   Thumb Code    22  stm32f10x_usart.o(.text)
    USART_OneBitMethodCmd                    0x08004cf3   Thumb Code    24  stm32f10x_usart.o(.text)
    USART_IrDAConfig                         0x08004d0b   Thumb Code    18  stm32f10x_usart.o(.text)
    USART_IrDACmd                            0x08004d1d   Thumb Code    24  stm32f10x_usart.o(.text)
    USART_GetFlagStatus                      0x08004d35   Thumb Code    26  stm32f10x_usart.o(.text)
    USART_ClearFlag                          0x08004d4f   Thumb Code    18  stm32f10x_usart.o(.text)
    USART_GetITStatus                        0x08004d61   Thumb Code    84  stm32f10x_usart.o(.text)
    USART_ClearITPendingBit                  0x08004db5   Thumb Code    52  stm32f10x_usart.o(.text)
    SPI_I2S_DeInit                           0x08004de9   Thumb Code    76  stm32f10x_spi.o(.text)
    SPI_Init                                 0x08004e35   Thumb Code    60  stm32f10x_spi.o(.text)
    I2S_Init                                 0x08004e71   Thumb Code   226  stm32f10x_spi.o(.text)
    SPI_StructInit                           0x08004f53   Thumb Code    24  stm32f10x_spi.o(.text)
    I2S_StructInit                           0x08004f6b   Thumb Code    20  stm32f10x_spi.o(.text)
    SPI_Cmd                                  0x08004f7f   Thumb Code    24  stm32f10x_spi.o(.text)
    I2S_Cmd                                  0x08004f97   Thumb Code    24  stm32f10x_spi.o(.text)
    SPI_I2S_ITConfig                         0x08004faf   Thumb Code    32  stm32f10x_spi.o(.text)
    SPI_I2S_DMACmd                           0x08004fcf   Thumb Code    18  stm32f10x_spi.o(.text)
    SPI_I2S_SendData                         0x08004fe1   Thumb Code     4  stm32f10x_spi.o(.text)
    SPI_I2S_ReceiveData                      0x08004fe5   Thumb Code     6  stm32f10x_spi.o(.text)
    SPI_NSSInternalSoftwareConfig            0x08004feb   Thumb Code    30  stm32f10x_spi.o(.text)
    SPI_SSOutputCmd                          0x08005009   Thumb Code    24  stm32f10x_spi.o(.text)
    SPI_DataSizeConfig                       0x08005021   Thumb Code    18  stm32f10x_spi.o(.text)
    SPI_TransmitCRC                          0x08005033   Thumb Code    10  stm32f10x_spi.o(.text)
    SPI_CalculateCRC                         0x0800503d   Thumb Code    24  stm32f10x_spi.o(.text)
    SPI_GetCRC                               0x08005055   Thumb Code    16  stm32f10x_spi.o(.text)
    SPI_GetCRCPolynomial                     0x08005065   Thumb Code     6  stm32f10x_spi.o(.text)
    SPI_BiDirectionalLineConfig              0x0800506b   Thumb Code    28  stm32f10x_spi.o(.text)
    SPI_I2S_GetFlagStatus                    0x08005087   Thumb Code    18  stm32f10x_spi.o(.text)
    SPI_I2S_ClearFlag                        0x08005099   Thumb Code     6  stm32f10x_spi.o(.text)
    SPI_I2S_GetITStatus                      0x0800509f   Thumb Code    52  stm32f10x_spi.o(.text)
    SPI_I2S_ClearITPendingBit                0x080050d3   Thumb Code    20  stm32f10x_spi.o(.text)
    RTC_ITConfig                             0x080050f5   Thumb Code    26  stm32f10x_rtc.o(.text)
    RTC_EnterConfigMode                      0x0800510f   Thumb Code    18  stm32f10x_rtc.o(.text)
    RTC_ExitConfigMode                       0x08005121   Thumb Code    20  stm32f10x_rtc.o(.text)
    RTC_GetCounter                           0x08005135   Thumb Code    18  stm32f10x_rtc.o(.text)
    RTC_SetCounter                           0x08005147   Thumb Code    26  stm32f10x_rtc.o(.text)
    RTC_SetPrescaler                         0x08005161   Thumb Code    28  stm32f10x_rtc.o(.text)
    RTC_SetAlarm                             0x0800517d   Thumb Code    26  stm32f10x_rtc.o(.text)
    RTC_GetDivider                           0x08005197   Thumb Code    22  stm32f10x_rtc.o(.text)
    RTC_WaitForLastTask                      0x080051ad   Thumb Code    18  stm32f10x_rtc.o(.text)
    RTC_WaitForSynchro                       0x080051bf   Thumb Code    36  stm32f10x_rtc.o(.text)
    RTC_GetFlagStatus                        0x080051e3   Thumb Code    22  stm32f10x_rtc.o(.text)
    RTC_ClearFlag                            0x080051f9   Thumb Code    16  stm32f10x_rtc.o(.text)
    RTC_GetITStatus                          0x08005209   Thumb Code    32  stm32f10x_rtc.o(.text)
    RTC_ClearITPendingBit                    0x08005229   Thumb Code    16  stm32f10x_rtc.o(.text)
    BKP_DeInit                               0x0800523d   Thumb Code    16  stm32f10x_bkp.o(.text)
    BKP_TamperPinLevelConfig                 0x0800524d   Thumb Code     6  stm32f10x_bkp.o(.text)
    BKP_TamperPinCmd                         0x08005253   Thumb Code     8  stm32f10x_bkp.o(.text)
    BKP_ITConfig                             0x0800525b   Thumb Code     8  stm32f10x_bkp.o(.text)
    BKP_RTCOutputConfig                      0x08005263   Thumb Code    22  stm32f10x_bkp.o(.text)
    BKP_SetRTCCalibrationValue               0x08005279   Thumb Code    22  stm32f10x_bkp.o(.text)
    BKP_WriteBackupRegister                  0x0800528f   Thumb Code    24  stm32f10x_bkp.o(.text)
    BKP_ReadBackupRegister                   0x080052a7   Thumb Code    26  stm32f10x_bkp.o(.text)
    BKP_GetFlagStatus                        0x080052c1   Thumb Code    10  stm32f10x_bkp.o(.text)
    BKP_ClearFlag                            0x080052cb   Thumb Code    18  stm32f10x_bkp.o(.text)
    BKP_GetITStatus                          0x080052dd   Thumb Code    10  stm32f10x_bkp.o(.text)
    BKP_ClearITPendingBit                    0x080052e7   Thumb Code    18  stm32f10x_bkp.o(.text)
    PWR_DeInit                               0x08005301   Thumb Code    22  stm32f10x_pwr.o(.text)
    PWR_BackupAccessCmd                      0x08005317   Thumb Code     6  stm32f10x_pwr.o(.text)
    PWR_PVDCmd                               0x0800531d   Thumb Code     6  stm32f10x_pwr.o(.text)
    PWR_PVDLevelConfig                       0x08005323   Thumb Code    18  stm32f10x_pwr.o(.text)
    PWR_WakeUpPinCmd                         0x08005335   Thumb Code     8  stm32f10x_pwr.o(.text)
    PWR_EnterSTOPMode                        0x0800533d   Thumb Code    54  stm32f10x_pwr.o(.text)
    PWR_EnterSTANDBYMode                     0x08005373   Thumb Code    42  stm32f10x_pwr.o(.text)
    PWR_GetFlagStatus                        0x0800539d   Thumb Code    20  stm32f10x_pwr.o(.text)
    PWR_ClearFlag                            0x080053b1   Thumb Code    14  stm32f10x_pwr.o(.text)
    __use_no_semihosting                     0x080053cd   Thumb Code     2  use_no_semi_2.o(.text)
    __2printf                                0x080053d1   Thumb Code    20  noretval__2printf.o(.text)
    __2sprintf                               0x080053e9   Thumb Code    34  noretval__2sprintf.o(.text)
    __printf                                 0x08005411   Thumb Code   104  __printf.o(.text)
    _printf_str                              0x08005479   Thumb Code    82  _printf_str.o(.text)
    _printf_int_dec                          0x080054cd   Thumb Code   104  _printf_dec.o(.text)
    __use_two_region_memory                  0x08005545   Thumb Code     2  heapauxi.o(.text)
    __rt_heap_escrow$2region                 0x08005547   Thumb Code     2  heapauxi.o(.text)
    __rt_heap_expand$2region                 0x08005549   Thumb Code     2  heapauxi.o(.text)
    __I$use$semihosting                      0x0800554b   Thumb Code     0  use_no_semi.o(.text)
    __use_no_semihosting_swi                 0x0800554b   Thumb Code     2  use_no_semi.o(.text)
    _printf_int_common                       0x0800554d   Thumb Code   178  _printf_intcommon.o(.text)
    _printf_char_common                      0x0800560b   Thumb Code    32  _printf_char_common.o(.text)
    _sputc                                   0x08005631   Thumb Code    10  _sputc.o(.text)
    _printf_cs_common                        0x0800563b   Thumb Code    20  _printf_char.o(.text)
    _printf_char                             0x0800564f   Thumb Code    16  _printf_char.o(.text)
    _printf_string                           0x0800565f   Thumb Code     8  _printf_char.o(.text)
    _printf_char_file                        0x08005669   Thumb Code    32  _printf_char_file.o(.text)
    ferror                                   0x0800568d   Thumb Code     8  ferror.o(.text)
    __user_setup_stackheap                   0x08005695   Thumb Code    74  sys_stackheap_outer.o(.text)
    exit                                     0x080056df   Thumb Code    18  exit.o(.text)
    __user_libspace                          0x080056f1   Thumb Code     8  libspace.o(.text)
    __user_perproc_libspace                  0x080056f1   Thumb Code     0  libspace.o(.text)
    __user_perthread_libspace                0x080056f1   Thumb Code     0  libspace.o(.text)
    table_week                               0x080056f8   Data          12  rtc.o(.constdata)
    mon_table                                0x08005704   Data          12  rtc.o(.constdata)
    Region$$Table$$Base                      0x08005710   Number         0  anon$$obj.o(Region$$Table)
    Region$$Table$$Limit                     0x08005730   Number         0  anon$$obj.o(Region$$Table)
    po                                       0x20000000   Data           3  main.o(.data)
    CT                                       0x20000003   Data           2  main.o(.data)
    SN                                       0x20000005   Data           4  main.o(.data)
    OSN                                      0x20000009   Data           4  main.o(.data)
    lxl_bit                                  0x2000000d   Data           1  main.o(.data)
    card1_bit                                0x2000000e   Data           1  main.o(.data)
    card2_bit                                0x2000000f   Data           1  main.o(.data)
    card3_bit                                0x20000010   Data           1  main.o(.data)
    card4_bit                                0x20000011   Data           1  main.o(.data)
    total                                    0x20000012   Data           1  main.o(.data)
    len                                      0x20000014   Data           2  main.o(.data)
    Number                                   0x20000016   Data           2  main.o(.data)
    TempNumber                               0x20000018   Data           2  main.o(.data)
    add                                      0x2000001a   Data           1  main.o(.data)
    t                                        0x2000001b   Data           1  main.o(.data)
    t1                                       0x2000001c   Data           1  main.o(.data)
    divide                                   0x2000001d   Data           1  main.o(.data)
    i                                        0x2000001e   Data           2  main.o(.data)
    Atten                                    0x20000020   Data          20  main.o(.data)
    Regi                                     0x20000034   Data          20  main.o(.data)
    ok                                       0x20000048   Data          20  main.o(.data)
    ojbk                                     0x2000005c   Data          20  main.o(.data)
    timesec                                  0x20000070   Data           4  main.o(.data)
    status                                   0x20000074   Data           1  main.o(.data)
    KEY                                      0x20000075   Data           6  main.o(.data)
    NOO                                      0x2000007b   Data           1  main.o(.data)
    NO                                       0x2000007c   Data           1  main.o(.data)
    time                                     0x2000007d   Data           1  main.o(.data)
    flag                                     0x2000007e   Data           1  main.o(.data)
    w_date                                   0x2000007f   Data           1  main.o(.data)
    hour                                     0x20000080   Data           1  main.o(.data)
    min                                      0x20000081   Data           1  main.o(.data)
    sec                                      0x20000082   Data           1  main.o(.data)
    hour1                                    0x20000083   Data           1  main.o(.data)
    min1                                     0x20000084   Data           1  main.o(.data)
    temphour                                 0x20000085   Data           1  main.o(.data)
    tempmin                                  0x20000086   Data           1  main.o(.data)
    tempsec                                  0x20000087   Data           1  main.o(.data)
    temptimesec                              0x20000088   Data           4  main.o(.data)
    pValue                                   0x2000008c   Data           4  main.o(.data)
    RFID1                                    0x20000090   Data          16  main.o(.data)
    SystemCoreClock                          0x200000a0   Data           4  system_stm32f10x.o(.data)
    AHBPrescTable                            0x200000a4   Data          16  system_stm32f10x.o(.data)
    __stdout                                 0x200000bc   Data           4  usart.o(.data)
    USART_RX_STA                             0x200000c0   Data           2  usart.o(.data)
    to                                       0x200000d8   Data          30  main.o(.bss)
    RFID                                     0x200000f6   Data          16  main.o(.bss)
    TEXT_Buffer                              0x20000106   Data          25  main.o(.bss)
    name                                     0x2000011f   Data         900  main.o(.bss)
    datatemp                                 0x200004a3   Data          25  main.o(.bss)
    pas                                      0x200004bc   Data       13160  main.o(.bss)
    calendar                                 0x20003824   Data          10  rtc.o(.bss)
    SPI_FLASH_BUF                            0x2000382e   Data        4096  flash.o(.bss)
    USART_RX_BUF                             0x2000482e   Data         200  usart.o(.bss)
    __libspace_start                         0x200048f8   Data          96  libspace.o(.bss)
    __temporary_stack_top$libspace           0x20004958   Data           0  libspace.o(.bss)



==============================================================================

Memory Map of the image

  Image Entry point : 0x08000131

  Load Region LR_IROM1 (Base: 0x08000000, Size: 0x00005808, Max: 0x00010000, ABSOLUTE)

    Execution Region ER_IROM1 (Base: 0x08000000, Size: 0x00005730, Max: 0x00010000, ABSOLUTE)

    Base Addr    Size         Type   Attr      Idx    E Section Name        Object

    0x08000000   0x00000130   Data   RO          357    RESET               startup_stm32f10x_hd.o
    0x08000130   0x00000008   Code   RO          540  * !!!main             c_w.l(__main.o)
    0x08000138   0x00000034   Code   RO          712    !!!scatter          c_w.l(__scatter.o)
    0x0800016c   0x0000001a   Code   RO          714    !!handler_copy      c_w.l(__scatter_copy.o)
    0x08000186   0x00000002   PAD
    0x08000188   0x0000001c   Code   RO          716    !!handler_zi        c_w.l(__scatter_zi.o)
    0x080001a4   0x00000000   Code   RO          537    .ARM.Collect$$_printf_percent$$00000000  c_w.l(_printf_percent.o)
    0x080001a4   0x00000006   Code   RO          536    .ARM.Collect$$_printf_percent$$00000009  c_w.l(_printf_d.o)
    0x080001aa   0x00000006   Code   RO          534    .ARM.Collect$$_printf_percent$$00000013  c_w.l(_printf_c.o)
    0x080001b0   0x00000006   Code   RO          535    .ARM.Collect$$_printf_percent$$00000014  c_w.l(_printf_s.o)
    0x080001b6   0x00000004   Code   RO          555    .ARM.Collect$$_printf_percent$$00000017  c_w.l(_printf_percent_end.o)
    0x080001ba   0x00000002   Code   RO          586    .ARM.Collect$$libinit$$00000000  c_w.l(libinit.o)
    0x080001bc   0x00000000   Code   RO          593    .ARM.Collect$$libinit$$00000002  c_w.l(libinit2.o)
    0x080001bc   0x00000000   Code   RO          595    .ARM.Collect$$libinit$$00000004  c_w.l(libinit2.o)
    0x080001bc   0x00000000   Code   RO          598    .ARM.Collect$$libinit$$0000000A  c_w.l(libinit2.o)
    0x080001bc   0x00000000   Code   RO          600    .ARM.Collect$$libinit$$0000000C  c_w.l(libinit2.o)
    0x080001bc   0x00000000   Code   RO          602    .ARM.Collect$$libinit$$0000000E  c_w.l(libinit2.o)
    0x080001bc   0x00000000   Code   RO          605    .ARM.Collect$$libinit$$00000011  c_w.l(libinit2.o)
    0x080001bc   0x00000000   Code   RO          607    .ARM.Collect$$libinit$$00000013  c_w.l(libinit2.o)
    0x080001bc   0x00000000   Code   RO          609    .ARM.Collect$$libinit$$00000015  c_w.l(libinit2.o)
    0x080001bc   0x00000000   Code   RO          611    .ARM.Collect$$libinit$$00000017  c_w.l(libinit2.o)
    0x080001bc   0x00000000   Code   RO          613    .ARM.Collect$$libinit$$00000019  c_w.l(libinit2.o)
    0x080001bc   0x00000000   Code   RO          615    .ARM.Collect$$libinit$$0000001B  c_w.l(libinit2.o)
    0x080001bc   0x00000000   Code   RO          617    .ARM.Collect$$libinit$$0000001D  c_w.l(libinit2.o)
    0x080001bc   0x00000000   Code   RO          619    .ARM.Collect$$libinit$$0000001F  c_w.l(libinit2.o)
    0x080001bc   0x00000000   Code   RO          621    .ARM.Collect$$libinit$$00000021  c_w.l(libinit2.o)
    0x080001bc   0x00000000   Code   RO          623    .ARM.Collect$$libinit$$00000023  c_w.l(libinit2.o)
    0x080001bc   0x00000000   Code   RO          625    .ARM.Collect$$libinit$$00000025  c_w.l(libinit2.o)
    0x080001bc   0x00000000   Code   RO          629    .ARM.Collect$$libinit$$0000002C  c_w.l(libinit2.o)
    0x080001bc   0x00000000   Code   RO          631    .ARM.Collect$$libinit$$0000002E  c_w.l(libinit2.o)
    0x080001bc   0x00000000   Code   RO          633    .ARM.Collect$$libinit$$00000030  c_w.l(libinit2.o)
    0x080001bc   0x00000000   Code   RO          635    .ARM.Collect$$libinit$$00000032  c_w.l(libinit2.o)
    0x080001bc   0x00000002   Code   RO          636    .ARM.Collect$$libinit$$00000033  c_w.l(libinit2.o)
    0x080001be   0x00000002   Code   RO          654    .ARM.Collect$$libshutdown$$00000000  c_w.l(libshutdown.o)
    0x080001c0   0x00000000   Code   RO          664    .ARM.Collect$$libshutdown$$00000002  c_w.l(libshutdown2.o)
    0x080001c0   0x00000000   Code   RO          666    .ARM.Collect$$libshutdown$$00000004  c_w.l(libshutdown2.o)
    0x080001c0   0x00000000   Code   RO          669    .ARM.Collect$$libshutdown$$00000007  c_w.l(libshutdown2.o)
    0x080001c0   0x00000000   Code   RO          672    .ARM.Collect$$libshutdown$$0000000A  c_w.l(libshutdown2.o)
    0x080001c0   0x00000000   Code   RO          674    .ARM.Collect$$libshutdown$$0000000C  c_w.l(libshutdown2.o)
    0x080001c0   0x00000000   Code   RO          677    .ARM.Collect$$libshutdown$$0000000F  c_w.l(libshutdown2.o)
    0x080001c0   0x00000002   Code   RO          678    .ARM.Collect$$libshutdown$$00000010  c_w.l(libshutdown2.o)
    0x080001c2   0x00000000   Code   RO          544    .ARM.Collect$$rtentry$$00000000  c_w.l(__rtentry.o)
    0x080001c2   0x00000000   Code   RO          557    .ARM.Collect$$rtentry$$00000002  c_w.l(__rtentry2.o)
    0x080001c2   0x00000006   Code   RO          569    .ARM.Collect$$rtentry$$00000004  c_w.l(__rtentry4.o)
    0x080001c8   0x00000000   Code   RO          559    .ARM.Collect$$rtentry$$00000009  c_w.l(__rtentry2.o)
    0x080001c8   0x00000004   Code   RO          560    .ARM.Collect$$rtentry$$0000000A  c_w.l(__rtentry2.o)
    0x080001cc   0x00000000   Code   RO          562    .ARM.Collect$$rtentry$$0000000C  c_w.l(__rtentry2.o)
    0x080001cc   0x00000008   Code   RO          563    .ARM.Collect$$rtentry$$0000000D  c_w.l(__rtentry2.o)
    0x080001d4   0x00000002   Code   RO          590    .ARM.Collect$$rtexit$$00000000  c_w.l(rtexit.o)
    0x080001d6   0x00000000   Code   RO          638    .ARM.Collect$$rtexit$$00000002  c_w.l(rtexit2.o)
    0x080001d6   0x00000004   Code   RO          639    .ARM.Collect$$rtexit$$00000003  c_w.l(rtexit2.o)
    0x080001da   0x00000006   Code   RO          640    .ARM.Collect$$rtexit$$00000004  c_w.l(rtexit2.o)
    0x080001e0   0x000025f4   Code   RO            1    .text               main.o
    0x080027d4   0x0000001a   Code   RO          152    .text               stm32f10x_it.o
    0x080027ee   0x00000002   PAD
    0x080027f0   0x000001e0   Code   RO          193    .text               system_stm32f10x.o
    0x080029d0   0x000008a6   Code   RO          211    .text               rc522.o
    0x08003276   0x00000002   PAD
    0x08003278   0x00000478   Code   RO          226    .text               rtc.o
    0x080036f0   0x00000380   Code   RO          246    .text               flash.o
    0x08003a70   0x00000104   Code   RO          267    .text               spi.o
    0x08003b74   0x00000034   Code   RO          279    .text               beep.o
    0x08003ba8   0x000000d4   Code   RO          291    .text               delay.o
    0x08003c7c   0x000002c8   Code   RO          306    .text               sys.o
    0x08003f44   0x00000280   Code   RO          322    .text               usart.o
    0x080041c4   0x00000040   Code   RO          358    .text               startup_stm32f10x_hd.o
    0x08004204   0x000000dc   Code   RO          362    .text               misc.o
    0x080042e0   0x0000035c   Code   RO          386    .text               stm32f10x_gpio.o
    0x0800463c   0x000003a4   Code   RO          398    .text               stm32f10x_rcc.o
    0x080049e0   0x00000408   Code   RO          424    .text               stm32f10x_usart.o
    0x08004de8   0x0000030c   Code   RO          436    .text               stm32f10x_spi.o
    0x080050f4   0x00000148   Code   RO          448    .text               stm32f10x_rtc.o
    0x0800523c   0x000000c4   Code   RO          460    .text               stm32f10x_bkp.o
    0x08005300   0x000000cc   Code   RO          472    .text               stm32f10x_pwr.o
    0x080053cc   0x00000002   Code   RO          498    .text               c_w.l(use_no_semi_2.o)
    0x080053ce   0x00000002   PAD
    0x080053d0   0x00000018   Code   RO          504    .text               c_w.l(noretval__2printf.o)
    0x080053e8   0x00000028   Code   RO          506    .text               c_w.l(noretval__2sprintf.o)
    0x08005410   0x00000068   Code   RO          508    .text               c_w.l(__printf.o)
    0x08005478   0x00000052   Code   RO          510    .text               c_w.l(_printf_str.o)
    0x080054ca   0x00000002   PAD
    0x080054cc   0x00000078   Code   RO          512    .text               c_w.l(_printf_dec.o)
    0x08005544   0x00000006   Code   RO          538    .text               c_w.l(heapauxi.o)
    0x0800554a   0x00000002   Code   RO          542    .text               c_w.l(use_no_semi.o)
    0x0800554c   0x000000b2   Code   RO          545    .text               c_w.l(_printf_intcommon.o)
    0x080055fe   0x00000002   PAD
    0x08005600   0x00000030   Code   RO          547    .text               c_w.l(_printf_char_common.o)
    0x08005630   0x0000000a   Code   RO          549    .text               c_w.l(_sputc.o)
    0x0800563a   0x0000002c   Code   RO          551    .text               c_w.l(_printf_char.o)
    0x08005666   0x00000002   PAD
    0x08005668   0x00000024   Code   RO          553    .text               c_w.l(_printf_char_file.o)
    0x0800568c   0x00000008   Code   RO          573    .text               c_w.l(ferror.o)
    0x08005694   0x0000004a   Code   RO          577    .text               c_w.l(sys_stackheap_outer.o)
    0x080056de   0x00000012   Code   RO          579    .text               c_w.l(exit.o)
    0x080056f0   0x00000008   Code   RO          587    .text               c_w.l(libspace.o)
    0x080056f8   0x00000018   Data   RO          228    .constdata          rtc.o
    0x08005710   0x00000020   Data   RO          710    Region$$Table       anon$$obj.o


    Execution Region RW_IRAM1 (Base: 0x20000000, Size: 0x00004f58, Max: 0x00005000, ABSOLUTE)

    Base Addr    Size         Type   Attr      Idx    E Section Name        Object

    0x20000000   0x000000a0   Data   RW            3    .data               main.o
    0x200000a0   0x00000014   Data   RW          194    .data               system_stm32f10x.o
    0x200000b4   0x00000002   Data   RW          229    .data               rtc.o
    0x200000b6   0x00000004   Data   RW          292    .data               delay.o
    0x200000ba   0x00000002   PAD
    0x200000bc   0x00000006   Data   RW          324    .data               usart.o
    0x200000c2   0x00000014   Data   RW          399    .data               stm32f10x_rcc.o
    0x200000d6   0x00000002   PAD
    0x200000d8   0x0000374c   Zero   RW            2    .bss                main.o
    0x20003824   0x0000000a   Zero   RW          227    .bss                rtc.o
    0x2000382e   0x00001000   Zero   RW          247    .bss                flash.o
    0x2000482e   0x000000c8   Zero   RW          323    .bss                usart.o
    0x200048f6   0x00000002   PAD
    0x200048f8   0x00000060   Zero   RW          588    .bss                c_w.l(libspace.o)
    0x20004958   0x00000200   Zero   RW          356    HEAP                startup_stm32f10x_hd.o
    0x20004b58   0x00000400   Zero   RW          355    STACK               startup_stm32f10x_hd.o


==============================================================================

Image component sizes


      Code (inc. data)   RO Data    RW Data    ZI Data      Debug   Object Name

        52          6          0          0          0        468   beep.o
       212         18          0          4          0        999   delay.o
       896         10          0          0       4096       4390   flash.o
      9716       1096          0        160      14156     246946   main.o
       220         22          0          0          0       1753   misc.o
      2214         20          0          0          0       7958   rc522.o
      1144         62         24          2         10       4286   rtc.o
       260         10          0          0          0       1101   spi.o
        64         26        304          0       1536        776   startup_stm32f10x_hd.o
       196          8          0          0          0       3452   stm32f10x_bkp.o
       860         38          0          0          0       5689   stm32f10x_gpio.o
        26          0          0          0          0       1158   stm32f10x_it.o
       204         14          0          0          0       1931   stm32f10x_pwr.o
       932         36          0         20          0       8848   stm32f10x_rcc.o
       328          4          0          0          0       2702   stm32f10x_rtc.o
       780         14          0          0          0       6570   stm32f10x_spi.o
      1032         22          0          0          0       8412   stm32f10x_usart.o
       712         44          0          0          0       2708   sys.o
       480         38          0         20          0       1671   system_stm32f10x.o
       640         26          0          6        200       3752   usart.o

    ----------------------------------------------------------------------
     20972       1514        360        216      20000     315570   Object Totals
         0          0         32          0          0          0   (incl. Generated)
         4          0          0          4          2          0   (incl. Padding)

    ----------------------------------------------------------------------

      Code (inc. data)   RO Data    RW Data    ZI Data      Debug   Library Member Name

         8          0          0          0          0         68   __main.o
       104          0          0          0          0         84   __printf.o
         0          0          0          0          0          0   __rtentry.o
        12          0          0          0          0          0   __rtentry2.o
         6          0          0          0          0          0   __rtentry4.o
        52          8          0          0          0          0   __scatter.o
        26          0          0          0          0          0   __scatter_copy.o
        28          0          0          0          0          0   __scatter_zi.o
         6          0          0          0          0          0   _printf_c.o
        44          0          0          0          0        108   _printf_char.o
        48          6          0          0          0         96   _printf_char_common.o
        36          4          0          0          0         80   _printf_char_file.o
         6          0          0          0          0          0   _printf_d.o
       120         16          0          0          0         92   _printf_dec.o
       178          0          0          0          0         88   _printf_intcommon.o
         0          0          0          0          0          0   _printf_percent.o
         4          0          0          0          0          0   _printf_percent_end.o
         6          0          0          0          0          0   _printf_s.o
        82          0          0          0          0         80   _printf_str.o
        10          0          0          0          0         68   _sputc.o
        18          0          0          0          0         80   exit.o
         8          0          0          0          0         68   ferror.o
         6          0          0          0          0        152   heapauxi.o
         2          0          0          0          0          0   libinit.o
         2          0          0          0          0          0   libinit2.o
         2          0          0          0          0          0   libshutdown.o
         2          0          0          0          0          0   libshutdown2.o
         8          4          0          0         96         68   libspace.o
        24          4          0          0          0         84   noretval__2printf.o
        40          6          0          0          0         84   noretval__2sprintf.o
         2          0          0          0          0          0   rtexit.o
        10          0          0          0          0          0   rtexit2.o
        74          0          0          0          0         80   sys_stackheap_outer.o
         2          0          0          0          0         68   use_no_semi.o
         2          0          0          0          0         68   use_no_semi_2.o

    ----------------------------------------------------------------------
       988         48          0          0         96       1516   Library Totals
        10          0          0          0          0          0   (incl. Padding)

    ----------------------------------------------------------------------

      Code (inc. data)   RO Data    RW Data    ZI Data      Debug   Library Name

       978         48          0          0         96       1516   c_w.l

    ----------------------------------------------------------------------
       988         48          0          0         96       1516   Library Totals

    ----------------------------------------------------------------------

==============================================================================


      Code (inc. data)   RO Data    RW Data    ZI Data      Debug   

     21960       1562        360        216      20096     314378   Grand Totals
     21960       1562        360        216      20096     314378   ELF Image Totals
     21960       1562        360        216          0          0   ROM Totals

==============================================================================

    Total RO  Size (Code + RO Data)                22320 (  21.80kB)
    Total RW  Size (RW Data + ZI Data)             20312 (  19.84kB)
    Total ROM Size (Code + RO Data + RW Data)      22536 (  22.01kB)

==============================================================================

